MPLINK 4.35, Linker
Linker Map File - Created Wed Nov 03 17:01:24 2010

                                 Section Info
                  Section       Type    Address   Location Size(Bytes)
                ---------  ---------  ---------  ---------  ---------
               _entry_scn       code   0x000000    program   0x000006
    HIGH_INTERRUPT_VECTOR       code   0x000008    program   0x000006
     LOW_INTERRUPT_VECTOR       code   0x000018    program   0x000006
    REMAPPED_RESET_VECTOR       code   0x001000    program   0x000006
REMAPPED_HIGH_INTERRUPT_VECTOR       code   0x001008    program   0x000006
REMAPPED_LOW_INTERRUPT_VECTOR       code   0x001018    program   0x000006
                   .cinit    romdata   0x00102a    program   0x000002
       .code_usb_device.o       code   0x00102c    program   0x000bf6
 .code_usb_function_cdc.o       code   0x001c22    program   0x00039a
             .code_main.o       code   0x001fbc    program   0x0002d4
.romdata_usb_descriptors.o    romdata   0x002290    program   0x0000c9
    .idata_usb_device.o_i    romdata   0x002359    program   0x000000
    .romdata_usb_device.o    romdata   0x002359    program   0x000000
        .idata___init.o_i    romdata   0x002359    program   0x000000
        .romdata___init.o    romdata   0x002359    program   0x000000
.romdata_usb_function_cdc.o    romdata   0x002359    program   0x000000
.idata_usb_function_cdc.o_i    romdata   0x002359    program   0x000000
.idata_usb_descriptors.o_i    romdata   0x002359    program   0x000000
         .idata_c018i.o_i    romdata   0x002359    program   0x000000
         .romdata_c018i.o    romdata   0x002359    program   0x000000
          .idata_main.o_i    romdata   0x002359    program   0x000000
          .romdata_main.o    romdata   0x002359    program   0x000000
            .code_c018i.o       code   0x00235a    program   0x000000
               _cinit_scn       code   0x00235a    program   0x00009e
  .code_usb_descriptors.o       code   0x00235a    program   0x000000
                   STRING       code   0x0023f8    program   0x000034
                    .code       code   0x00242c    program   0x000020
             _startup_scn       code   0x00244c    program   0x00001c
           .code___init.o       code   0x002468    program   0x000002
    .config_300000_main.o    romdata   0x300000    program   0x000001
    .config_300001_main.o    romdata   0x300001    program   0x000001
    .config_300002_main.o    romdata   0x300002    program   0x000001
    .config_300003_main.o    romdata   0x300003    program   0x000001
    .config_300005_main.o    romdata   0x300005    program   0x000001
    .config_300006_main.o    romdata   0x300006    program   0x000001
    .config_300008_main.o    romdata   0x300008    program   0x000001
    .config_300009_main.o    romdata   0x300009    program   0x000001
    .config_30000a_main.o    romdata   0x30000a    program   0x000001
    .config_30000b_main.o    romdata   0x30000b    program   0x000001
    .config_30000c_main.o    romdata   0x30000c    program   0x000001
    .config_30000d_main.o    romdata   0x30000d    program   0x000001
                MATH_DATA      udata   0x000000       data   0x00000b
                 .tmpdata      udata   0x00000b       data   0x000003
            .udata_main.o      udata   0x000060       data   0x000085
.udata_usb_function_cdc.o      udata   0x0000e5       data   0x000019
          .idata___init.o      idata   0x0000fe       data   0x000000
          .udata___init.o      udata   0x0000fe       data   0x000000
      .idata_usb_device.o      idata   0x0000fe       data   0x000000
.idata_usb_function_cdc.o      idata   0x0000fe       data   0x000000
 .idata_usb_descriptors.o      idata   0x0000fe       data   0x000000
 .udata_usb_descriptors.o      udata   0x0000fe       data   0x000000
            .idata_main.o      idata   0x0000fe       data   0x000000
           .idata_c018i.o      idata   0x0000fe       data   0x000000
                   .stack      udata   0x000100       data   0x000040
      .udata_usb_device.o      udata   0x000140       data   0x000036
           .udata_c018i.o      udata   0x000176       data   0x00000a
                  USB_BDT      udata   0x000200       data   0x000050
                  usbram2      udata   0x000250       data   0x00008f
              SFR_BANKED0      udata   0x000f53       data   0x00000d
            SFR_UNBANKED0      udata   0x000f60       data   0x0000a0



                              Program Memory Usage 
                               Start         End      
                           ---------   ---------      
                            0x000000    0x000005      
                            0x000008    0x00000d      
                            0x000018    0x00001d      
                            0x001000    0x001005      
                            0x001008    0x00100d      
                            0x001018    0x00101d      
                            0x00102a    0x002358      
                            0x00235a    0x002469      
                            0x300000    0x300003      
                            0x300005    0x300006      
                            0x300008    0x30000d      
            5231 out of 12344 program addresses used, program memory utilization is 42%



                              Symbols - Sorted by Name
                     Name    Address   Location    Storage File                     
                ---------  ---------  ---------  --------- ---------                
                CDCInitEP   0x001cbe    program     extern Z:\devantech_modules\usb-gpio12\gpio12-examples\com-port-echo\usb_function_cdc.c
             CDCTxService   0x001e22    program     extern Z:\devantech_modules\usb-gpio12\gpio12-examples\com-port-echo\usb_function_cdc.c
                 High_ISR   0x000008    program     extern Z:\devantech_modules\usb-gpio12\gpio12-examples\com-port-echo\main.c
         InitializeSystem   0x002084    program     static Z:\devantech_modules\usb-gpio12\gpio12-examples\com-port-echo\main.c
                  Low_ISR   0x000018    program     extern Z:\devantech_modules\usb-gpio12\gpio12-examples\com-port-echo\main.c
                ProcessIO   0x0020e6    program     extern Z:\devantech_modules\usb-gpio12\gpio12-examples\com-port-echo\main.c
        Remapped_High_ISR   0x001008    program     extern Z:\devantech_modules\usb-gpio12\gpio12-examples\com-port-echo\main.c
         Remapped_Low_ISR   0x001018    program     extern Z:\devantech_modules\usb-gpio12\gpio12-examples\com-port-echo\main.c
       USBCBCheckOtherReq   0x0021c4    program     extern Z:\devantech_modules\usb-gpio12\gpio12-examples\com-port-echo\main.c
        USBCBErrorHandler   0x0021c2    program     extern Z:\devantech_modules\usb-gpio12\gpio12-examples\com-port-echo\main.c
              USBCBInitEP   0x0021ca    program     extern Z:\devantech_modules\usb-gpio12\gpio12-examples\com-port-echo\main.c
          USBCBSendResume   0x0021ce    program     extern Z:\devantech_modules\usb-gpio12\gpio12-examples\com-port-echo\main.c
    USBCBStdSetDscHandler   0x0021c8    program     extern Z:\devantech_modules\usb-gpio12\gpio12-examples\com-port-echo\main.c
             USBCBSuspend   0x0021bc    program     extern Z:\devantech_modules\usb-gpio12\gpio12-examples\com-port-echo\main.c
     USBCBWakeFromSuspend   0x0021be    program     extern Z:\devantech_modules\usb-gpio12\gpio12-examples\com-port-echo\main.c
        USBCB_SOF_Handler   0x0021c0    program     extern Z:\devantech_modules\usb-gpio12\gpio12-examples\com-port-echo\main.c
              USBCancelIO   0x00198a    program     extern Z:\devantech_modules\usb-gpio12\gpio12-examples\com-port-echo\usb_device.c
       USBCheckCDCRequest   0x001c22    program     extern Z:\devantech_modules\usb-gpio12\gpio12-examples\com-port-echo\usb_function_cdc.c
       USBCheckStdRequest   0x00139e    program     extern Z:\devantech_modules\usb-gpio12\gpio12-examples\com-port-echo\usb_device.c
     USBConfigureEndpoint   0x00183c    program     extern Z:\devantech_modules\usb-gpio12\gpio12-examples\com-port-echo\usb_device.c
         USBCtrlEPService   0x001210    program     extern Z:\devantech_modules\usb-gpio12\gpio12-examples\com-port-echo\usb_device.c
 USBCtrlEPServiceComplete   0x001606    program     extern Z:\devantech_modules\usb-gpio12\gpio12-examples\com-port-echo\usb_device.c
      USBCtrlTrfInHandler   0x0012f6    program     extern Z:\devantech_modules\usb-gpio12\gpio12-examples\com-port-echo\usb_device.c
     USBCtrlTrfOutHandler   0x0012da    program     extern Z:\devantech_modules\usb-gpio12\gpio12-examples\com-port-echo\usb_device.c
      USBCtrlTrfRxService   0x001720    program     extern Z:\devantech_modules\usb-gpio12\gpio12-examples\com-port-echo\usb_device.c
   USBCtrlTrfSetupHandler   0x0012b4    program     extern Z:\devantech_modules\usb-gpio12\gpio12-examples\com-port-echo\usb_device.c
      USBCtrlTrfTxService   0x00167a    program     extern Z:\devantech_modules\usb-gpio12\gpio12-examples\com-port-echo\usb_device.c
          USBDeviceAttach   0x0019c0    program     extern Z:\devantech_modules\usb-gpio12\gpio12-examples\com-port-echo\usb_device.c
          USBDeviceDetach   0x0019b6    program     extern Z:\devantech_modules\usb-gpio12\gpio12-examples\com-port-echo\usb_device.c
            USBDeviceInit   0x00102c    program     extern Z:\devantech_modules\usb-gpio12\gpio12-examples\com-port-echo\usb_device.c
           USBDeviceTasks   0x0010b2    program     extern Z:\devantech_modules\usb-gpio12\gpio12-examples\com-port-echo\usb_device.c
        USBEnableEndpoint   0x0018b4    program     extern Z:\devantech_modules\usb-gpio12\gpio12-examples\com-port-echo\usb_device.c
USBPrepareForNextSetupTrf   0x001356    program     extern Z:\devantech_modules\usb-gpio12\gpio12-examples\com-port-echo\usb_device.c
         USBStallEndpoint   0x0018ee    program     extern Z:\devantech_modules\usb-gpio12\gpio12-examples\com-port-echo\usb_device.c
          USBStallHandler   0x0011c0    program     extern Z:\devantech_modules\usb-gpio12\gpio12-examples\com-port-echo\usb_device.c
  USBStdFeatureReqHandler   0x001446    program     extern Z:\devantech_modules\usb-gpio12\gpio12-examples\com-port-echo\usb_device.c
      USBStdGetDscHandler   0x001506    program     extern Z:\devantech_modules\usb-gpio12\gpio12-examples\com-port-echo\usb_device.c
   USBStdGetStatusHandler   0x001588    program     extern Z:\devantech_modules\usb-gpio12\gpio12-examples\com-port-echo\usb_device.c
      USBStdSetCfgHandler   0x0017d6    program     extern Z:\devantech_modules\usb-gpio12\gpio12-examples\com-port-echo\usb_device.c
               USBSuspend   0x0011e8    program     extern Z:\devantech_modules\usb-gpio12\gpio12-examples\com-port-echo\usb_device.c
     USBTransferOnePacket   0x001918    program     extern Z:\devantech_modules\usb-gpio12\gpio12-examples\com-port-echo\usb_device.c
       USBWakeFromSuspend   0x0011f8    program     extern Z:\devantech_modules\usb-gpio12\gpio12-examples\com-port-echo\usb_device.c
               USB_CD_Ptr   0x002351    program     extern Z:\devantech_modules\usb-gpio12\gpio12-examples\com-port-echo\usb_descriptors.c
               USB_SD_Ptr   0x002353    program     extern Z:\devantech_modules\usb-gpio12\gpio12-examples\com-port-echo\usb_descriptors.c
USER_USB_CALLBACK_EVENT_HANDLER   0x0021ea    program     extern Z:\devantech_modules\usb-gpio12\gpio12-examples\com-port-echo\main.c
                 UserInit   0x00208e    program     extern Z:\devantech_modules\usb-gpio12\gpio12-examples\com-port-echo\main.c
  YourHighPriorityISRCode   0x001fbc    program     extern Z:\devantech_modules\usb-gpio12\gpio12-examples\com-port-echo\main.c
   YourLowPriorityISRCode   0x002052    program     extern Z:\devantech_modules\usb-gpio12\gpio12-examples\com-port-echo\main.c
              _2jContinue   0x002418    program     static C:\MCC18\src\traditional\stdclib\memset.asm
                   _3jEnd   0x002422    program     static C:\MCC18\src\traditional\stdclib\memset.asm
     ___case_114_lbl00047   0x00226e    program     static                          
     ___case_115_lbl00043   0x00225e    program     static                          
     ___case_116_lbl00045   0x002266    program     static                          
     ___case_117_lbl00044   0x002262    program     static                          
       ___case_1_lbl00040   0x002252    program     static                          
       ___case_2_lbl00041   0x002256    program     static                          
   ___case_32767_lbl00046   0x00226a    program     static                          
       ___case_3_lbl00042   0x00225a    program     static                          
      ___default_lbl00048   0x002272    program     static                          
       ___return_lbl00000   0x001004    program     static                          
       ___return_lbl00000   0x000004    program     static                          
       ___return_lbl00001   0x00100c    program     static                          
       ___return_lbl00001   0x002466    program     static                          
       ___return_lbl00002   0x0023f6    program     static                          
       ___return_lbl00002   0x00101c    program     static                          
       ___return_lbl00003   0x00000c    program     static                          
       ___return_lbl00004   0x00001c    program     static                          
       ___return_lbl00038   0x002278    program     static                          
   ___switchexit_lbl00039   0x002274    program     static                          
               __config_0   0x300000    program     static Z:\devantech_modules\usb-gpio12\gpio12-examples\com-port-echo\main.c
               __config_1   0x300001    program     static Z:\devantech_modules\usb-gpio12\gpio12-examples\com-port-echo\main.c
              __config_10   0x30000c    program     static Z:\devantech_modules\usb-gpio12\gpio12-examples\com-port-echo\main.c
              __config_11   0x30000d    program     static Z:\devantech_modules\usb-gpio12\gpio12-examples\com-port-echo\main.c
               __config_2   0x300002    program     static Z:\devantech_modules\usb-gpio12\gpio12-examples\com-port-echo\main.c
               __config_3   0x300003    program     static Z:\devantech_modules\usb-gpio12\gpio12-examples\com-port-echo\main.c
               __config_4   0x300005    program     static Z:\devantech_modules\usb-gpio12\gpio12-examples\com-port-echo\main.c
               __config_5   0x300006    program     static Z:\devantech_modules\usb-gpio12\gpio12-examples\com-port-echo\main.c
               __config_6   0x300008    program     static Z:\devantech_modules\usb-gpio12\gpio12-examples\com-port-echo\main.c
               __config_7   0x300009    program     static Z:\devantech_modules\usb-gpio12\gpio12-examples\com-port-echo\main.c
               __config_8   0x30000a    program     static Z:\devantech_modules\usb-gpio12\gpio12-examples\com-port-echo\main.c
               __config_9   0x30000b    program     static Z:\devantech_modules\usb-gpio12\gpio12-examples\com-port-echo\main.c
                   __init   0x002468    program     extern C:\MCC18\src\traditional\stdclib\__init.c
                   __pa_0   0x001f04    program     static Z:\devantech_modules\usb-gpio12\gpio12-examples\com-port-echo\usb_function_cdc.c
                   __pa_0   0x002280    program     static Z:\devantech_modules\usb-gpio12\gpio12-examples\com-port-echo\main.c
                   __pa_0   0x0019f0    program     static Z:\devantech_modules\usb-gpio12\gpio12-examples\com-port-echo\usb_device.c
                   __pa_1   0x001f16    program     static Z:\devantech_modules\usb-gpio12\gpio12-examples\com-port-echo\usb_function_cdc.c
                   __pa_1   0x0019fe    program     static Z:\devantech_modules\usb-gpio12\gpio12-examples\com-port-echo\usb_device.c
                  __pa_10   0x001a54    program     static Z:\devantech_modules\usb-gpio12\gpio12-examples\com-port-echo\usb_device.c
                  __pa_10   0x001fae    program     static Z:\devantech_modules\usb-gpio12\gpio12-examples\com-port-echo\usb_function_cdc.c
                  __pa_11   0x001a68    program     static Z:\devantech_modules\usb-gpio12\gpio12-examples\com-port-echo\usb_device.c
                  __pa_12   0x001a72    program     static Z:\devantech_modules\usb-gpio12\gpio12-examples\com-port-echo\usb_device.c
                  __pa_13   0x001a92    program     static Z:\devantech_modules\usb-gpio12\gpio12-examples\com-port-echo\usb_device.c
                  __pa_14   0x001aa4    program     static Z:\devantech_modules\usb-gpio12\gpio12-examples\com-port-echo\usb_device.c
                  __pa_15   0x001aaa    program     static Z:\devantech_modules\usb-gpio12\gpio12-examples\com-port-echo\usb_device.c
                  __pa_16   0x001ac6    program     static Z:\devantech_modules\usb-gpio12\gpio12-examples\com-port-echo\usb_device.c
                  __pa_17   0x001ad2    program     static Z:\devantech_modules\usb-gpio12\gpio12-examples\com-port-echo\usb_device.c
                  __pa_18   0x001ade    program     static Z:\devantech_modules\usb-gpio12\gpio12-examples\com-port-echo\usb_device.c
                  __pa_19   0x001aec    program     static Z:\devantech_modules\usb-gpio12\gpio12-examples\com-port-echo\usb_device.c
                   __pa_2   0x001a08    program     static Z:\devantech_modules\usb-gpio12\gpio12-examples\com-port-echo\usb_device.c
                   __pa_2   0x001f32    program     static Z:\devantech_modules\usb-gpio12\gpio12-examples\com-port-echo\usb_function_cdc.c
                  __pa_20   0x001af6    program     static Z:\devantech_modules\usb-gpio12\gpio12-examples\com-port-echo\usb_device.c
                  __pa_21   0x001b02    program     static Z:\devantech_modules\usb-gpio12\gpio12-examples\com-port-echo\usb_device.c
                  __pa_22   0x001b0e    program     static Z:\devantech_modules\usb-gpio12\gpio12-examples\com-port-echo\usb_device.c
                  __pa_23   0x001b1e    program     static Z:\devantech_modules\usb-gpio12\gpio12-examples\com-port-echo\usb_device.c
                  __pa_24   0x001b2e    program     static Z:\devantech_modules\usb-gpio12\gpio12-examples\com-port-echo\usb_device.c
                  __pa_25   0x001b3e    program     static Z:\devantech_modules\usb-gpio12\gpio12-examples\com-port-echo\usb_device.c
                  __pa_26   0x001b4c    program     static Z:\devantech_modules\usb-gpio12\gpio12-examples\com-port-echo\usb_device.c
                  __pa_27   0x001b5a    program     static Z:\devantech_modules\usb-gpio12\gpio12-examples\com-port-echo\usb_device.c
                  __pa_28   0x001b68    program     static Z:\devantech_modules\usb-gpio12\gpio12-examples\com-port-echo\usb_device.c
                  __pa_29   0x001b80    program     static Z:\devantech_modules\usb-gpio12\gpio12-examples\com-port-echo\usb_device.c
                   __pa_3   0x001a12    program     static Z:\devantech_modules\usb-gpio12\gpio12-examples\com-port-echo\usb_device.c
                   __pa_3   0x001f4c    program     static Z:\devantech_modules\usb-gpio12\gpio12-examples\com-port-echo\usb_function_cdc.c
                  __pa_30   0x001b9c    program     static Z:\devantech_modules\usb-gpio12\gpio12-examples\com-port-echo\usb_device.c
                  __pa_31   0x001ba6    program     static Z:\devantech_modules\usb-gpio12\gpio12-examples\com-port-echo\usb_device.c
                  __pa_32   0x001bae    program     static Z:\devantech_modules\usb-gpio12\gpio12-examples\com-port-echo\usb_device.c
                  __pa_33   0x001bb8    program     static Z:\devantech_modules\usb-gpio12\gpio12-examples\com-port-echo\usb_device.c
                  __pa_34   0x001bbe    program     static Z:\devantech_modules\usb-gpio12\gpio12-examples\com-port-echo\usb_device.c
                  __pa_35   0x001bce    program     static Z:\devantech_modules\usb-gpio12\gpio12-examples\com-port-echo\usb_device.c
                  __pa_36   0x001bdc    program     static Z:\devantech_modules\usb-gpio12\gpio12-examples\com-port-echo\usb_device.c
                  __pa_37   0x001bea    program     static Z:\devantech_modules\usb-gpio12\gpio12-examples\com-port-echo\usb_device.c
                  __pa_38   0x001bf8    program     static Z:\devantech_modules\usb-gpio12\gpio12-examples\com-port-echo\usb_device.c
                  __pa_39   0x001c02    program     static Z:\devantech_modules\usb-gpio12\gpio12-examples\com-port-echo\usb_device.c
                   __pa_4   0x001f5a    program     static Z:\devantech_modules\usb-gpio12\gpio12-examples\com-port-echo\usb_function_cdc.c
                   __pa_4   0x001a1a    program     static Z:\devantech_modules\usb-gpio12\gpio12-examples\com-port-echo\usb_device.c
                  __pa_40   0x001c0c    program     static Z:\devantech_modules\usb-gpio12\gpio12-examples\com-port-echo\usb_device.c
                  __pa_41   0x001c14    program     static Z:\devantech_modules\usb-gpio12\gpio12-examples\com-port-echo\usb_device.c
                  __pa_42   0x001c1c    program     static Z:\devantech_modules\usb-gpio12\gpio12-examples\com-port-echo\usb_device.c
                   __pa_5   0x001f64    program     static Z:\devantech_modules\usb-gpio12\gpio12-examples\com-port-echo\usb_function_cdc.c
                   __pa_5   0x001a24    program     static Z:\devantech_modules\usb-gpio12\gpio12-examples\com-port-echo\usb_device.c
                   __pa_6   0x001a2c    program     static Z:\devantech_modules\usb-gpio12\gpio12-examples\com-port-echo\usb_device.c
                   __pa_6   0x001f6c    program     static Z:\devantech_modules\usb-gpio12\gpio12-examples\com-port-echo\usb_function_cdc.c
                   __pa_7   0x001a34    program     static Z:\devantech_modules\usb-gpio12\gpio12-examples\com-port-echo\usb_device.c
                   __pa_7   0x001f7a    program     static Z:\devantech_modules\usb-gpio12\gpio12-examples\com-port-echo\usb_function_cdc.c
                   __pa_8   0x001a3a    program     static Z:\devantech_modules\usb-gpio12\gpio12-examples\com-port-echo\usb_device.c
                   __pa_8   0x001f84    program     static Z:\devantech_modules\usb-gpio12\gpio12-examples\com-port-echo\usb_function_cdc.c
                   __pa_9   0x001a44    program     static Z:\devantech_modules\usb-gpio12\gpio12-examples\com-port-echo\usb_device.c
                   __pa_9   0x001f9e    program     static Z:\devantech_modules\usb-gpio12\gpio12-examples\com-port-echo\usb_function_cdc.c
               __tmplbl_2   0x002206    program     static                          
              __tmplbl_20   0x001a2c    program     static                          
              __tmplbl_26   0x001a2c    program     static                          
               __tmplbl_3   0x002212    program     static                          
               __tmplbl_4   0x00221c    program     static                          
               __tmplbl_5   0x002226    program     static                          
               __tmplbl_6   0x002230    program     static                          
               __tmplbl_7   0x00223a    program     static                          
               __tmplbl_8   0x002244    program     static                          
               __tmplbl_9   0x00224e    program     static                          
            __zero_memory   0x00242c    program     extern C:\MCC18\src\traditional\proc\p18F14K50.asm
                _do_cinit   0x00235a    program     extern C:\MCC18\src\traditional\startup\c018i.c
                   _entry   0x000000    program     extern C:\MCC18\src\traditional\startup\c018i.c
                   _reset   0x001000    program     extern Z:\devantech_modules\usb-gpio12\gpio12-examples\com-port-echo\main.c
                 _startup   0x00244c    program     extern C:\MCC18\src\traditional\startup\c018i.c
                compare_l   0x002442    program     static C:\MCC18\src\traditional\proc\p18F14K50.asm
        configDescriptor1   0x0022a2    program     extern Z:\devantech_modules\usb-gpio12\gpio12-examples\com-port-echo\usb_descriptors.c
                copy_loop   0x0023cc    program     static                          
            copy_one_byte   0x0023d2    program     static                          
               device_dsc   0x002290    program     extern Z:\devantech_modules\usb-gpio12\gpio12-examples\com-port-echo\usb_descriptors.c
                     done   0x0023f6    program     static                          
             done_copying   0x0023e0    program     static                          
             getsUSBUSART   0x001d02    program     extern Z:\devantech_modules\usb-gpio12\gpio12-examples\com-port-echo\usb_function_cdc.c
                     jEnd   0x00242a    program     static C:\MCC18\src\traditional\stdclib\memset.asm
                    jLoop   0x00240c    program     static C:\MCC18\src\traditional\stdclib\memset.asm
                     loop   0x00245c    program     static                          
                   loop_h   0x00243a    program     static C:\MCC18\src\traditional\proc\p18F14K50.asm
                   loop_l   0x002444    program     static C:\MCC18\src\traditional\proc\p18F14K50.asm
                     main   0x002074    program     extern Z:\devantech_modules\usb-gpio12\gpio12-examples\com-port-echo\main.c
                   memset   0x0023f8    program     extern C:\MCC18\src\traditional\stdclib\memset.asm
              putUSBUSART   0x001d80    program     extern Z:\devantech_modules\usb-gpio12\gpio12-examples\com-port-echo\usb_function_cdc.c
            putrsUSBUSART   0x001dde    program     extern Z:\devantech_modules\usb-gpio12\gpio12-examples\com-port-echo\usb_function_cdc.c
             putsUSBUSART   0x001d9c    program     extern Z:\devantech_modules\usb-gpio12\gpio12-examples\com-port-echo\usb_function_cdc.c
                    sd000   0x0022e5    program     extern Z:\devantech_modules\usb-gpio12\gpio12-examples\com-port-echo\usb_descriptors.c
                    sd001   0x0022e9    program     extern Z:\devantech_modules\usb-gpio12\gpio12-examples\com-port-echo\usb_descriptors.c
                    sd002   0x00231d    program     extern Z:\devantech_modules\usb-gpio12\gpio12-examples\com-port-echo\usb_descriptors.c
                     test   0x002374    program     static                          
               zero_block   0x00243a    program     static C:\MCC18\src\traditional\proc\p18F14K50.asm
                   ADCON0   0x000fc2       data     extern C:\MCC18\src\traditional\proc\p18F14K50.asm
               ADCON0bits   0x000fc2       data     extern C:\MCC18\src\traditional\proc\p18F14K50.asm
                   ADCON1   0x000fc1       data     extern C:\MCC18\src\traditional\proc\p18F14K50.asm
               ADCON1bits   0x000fc1       data     extern C:\MCC18\src\traditional\proc\p18F14K50.asm
                   ADCON2   0x000fc0       data     extern C:\MCC18\src\traditional\proc\p18F14K50.asm
               ADCON2bits   0x000fc0       data     extern C:\MCC18\src\traditional\proc\p18F14K50.asm
                    ADRES   0x000fc3       data     extern C:\MCC18\src\traditional\proc\p18F14K50.asm
                   ADRESH   0x000fc4       data     extern C:\MCC18\src\traditional\proc\p18F14K50.asm
                   ADRESL   0x000fc3       data     extern C:\MCC18\src\traditional\proc\p18F14K50.asm
                    ANSEL   0x000f7e       data     extern C:\MCC18\src\traditional\proc\p18F14K50.asm
                   ANSELH   0x000f7f       data     extern C:\MCC18\src\traditional\proc\p18F14K50.asm
               ANSELHbits   0x000f7f       data     extern C:\MCC18\src\traditional\proc\p18F14K50.asm
                ANSELbits   0x000f7e       data     extern C:\MCC18\src\traditional\proc\p18F14K50.asm
                  BAUDCON   0x000fb8       data     extern C:\MCC18\src\traditional\proc\p18F14K50.asm
              BAUDCONbits   0x000fb8       data     extern C:\MCC18\src\traditional\proc\p18F14K50.asm
                  BAUDCTL   0x000fb8       data     extern C:\MCC18\src\traditional\proc\p18F14K50.asm
              BAUDCTLbits   0x000fb8       data     extern C:\MCC18\src\traditional\proc\p18F14K50.asm
                      BDT   0x000200       data     extern Z:\devantech_modules\usb-gpio12\gpio12-examples\com-port-echo\usb_device.c
                      BSR   0x000fe0       data     extern C:\MCC18\src\traditional\proc\p18F14K50.asm
              BaudRateGen   0x0000f2       data     extern Z:\devantech_modules\usb-gpio12\gpio12-examples\com-port-echo\usb_function_cdc.c
       BothEP0OutUOWNsSet   0x000169       data     extern Z:\devantech_modules\usb-gpio12\gpio12-examples\com-port-echo\usb_device.c
                  CCP1CON   0x000fbd       data     extern C:\MCC18\src\traditional\proc\p18F14K50.asm
              CCP1CONbits   0x000fbd       data     extern C:\MCC18\src\traditional\proc\p18F14K50.asm
                    CCPR1   0x000fbe       data     extern C:\MCC18\src\traditional\proc\p18F14K50.asm
                   CCPR1H   0x000fbf       data     extern C:\MCC18\src\traditional\proc\p18F14K50.asm
                   CCPR1L   0x000fbe       data     extern C:\MCC18\src\traditional\proc\p18F14K50.asm
          CDCDataInHandle   0x0000ef       data     extern Z:\devantech_modules\usb-gpio12\gpio12-examples\com-port-echo\usb_function_cdc.c
         CDCDataOutHandle   0x0000ed       data     extern Z:\devantech_modules\usb-gpio12\gpio12-examples\com-port-echo\usb_function_cdc.c
                  CM1CON0   0x000f6d       data     extern C:\MCC18\src\traditional\proc\p18F14K50.asm
              CM1CON0bits   0x000f6d       data     extern C:\MCC18\src\traditional\proc\p18F14K50.asm
                  CM2CON0   0x000f6b       data     extern C:\MCC18\src\traditional\proc\p18F14K50.asm
              CM2CON0bits   0x000f6b       data     extern C:\MCC18\src\traditional\proc\p18F14K50.asm
                  CM2CON1   0x000f6c       data     extern C:\MCC18\src\traditional\proc\p18F14K50.asm
              CM2CON1bits   0x000f6c       data     extern C:\MCC18\src\traditional\proc\p18F14K50.asm
              CtrlTrfData   0x000248       data     extern Z:\devantech_modules\usb-gpio12\gpio12-examples\com-port-echo\usb_device.c
                     DDRA   0x000f92       data     extern C:\MCC18\src\traditional\proc\p18F14K50.asm
                 DDRAbits   0x000f92       data     extern C:\MCC18\src\traditional\proc\p18F14K50.asm
                     DDRB   0x000f93       data     extern C:\MCC18\src\traditional\proc\p18F14K50.asm
                 DDRBbits   0x000f93       data     extern C:\MCC18\src\traditional\proc\p18F14K50.asm
                     DDRC   0x000f94       data     extern C:\MCC18\src\traditional\proc\p18F14K50.asm
                 DDRCbits   0x000f94       data     extern C:\MCC18\src\traditional\proc\p18F14K50.asm
                  ECCP1AS   0x000fb6       data     extern C:\MCC18\src\traditional\proc\p18F14K50.asm
              ECCP1ASbits   0x000fb6       data     extern C:\MCC18\src\traditional\proc\p18F14K50.asm
                    EEADR   0x000fa9       data     extern C:\MCC18\src\traditional\proc\p18F14K50.asm
                   EEADRH   0x000faa       data     extern C:\MCC18\src\traditional\proc\p18F14K50.asm
               EEADRHbits   0x000faa       data     extern C:\MCC18\src\traditional\proc\p18F14K50.asm
                EEADRbits   0x000fa9       data     extern C:\MCC18\src\traditional\proc\p18F14K50.asm
                   EECON1   0x000fa6       data     extern C:\MCC18\src\traditional\proc\p18F14K50.asm
               EECON1bits   0x000fa6       data     extern C:\MCC18\src\traditional\proc\p18F14K50.asm
                   EECON2   0x000fa7       data     extern C:\MCC18\src\traditional\proc\p18F14K50.asm
                   EEDATA   0x000fa8       data     extern C:\MCC18\src\traditional\proc\p18F14K50.asm
                     FSR0   0x000fe9       data     extern C:\MCC18\src\traditional\proc\p18F14K50.asm
                    FSR0H   0x000fea       data     extern C:\MCC18\src\traditional\proc\p18F14K50.asm
                    FSR0L   0x000fe9       data     extern C:\MCC18\src\traditional\proc\p18F14K50.asm
                     FSR1   0x000fe1       data     extern C:\MCC18\src\traditional\proc\p18F14K50.asm
                    FSR1H   0x000fe2       data     extern C:\MCC18\src\traditional\proc\p18F14K50.asm
                    FSR1L   0x000fe1       data     extern C:\MCC18\src\traditional\proc\p18F14K50.asm
                     FSR2   0x000fd9       data     extern C:\MCC18\src\traditional\proc\p18F14K50.asm
                    FSR2H   0x000fda       data     extern C:\MCC18\src\traditional\proc\p18F14K50.asm
                    FSR2L   0x000fd9       data     extern C:\MCC18\src\traditional\proc\p18F14K50.asm
                    INDF0   0x000fef       data     extern C:\MCC18\src\traditional\proc\p18F14K50.asm
                    INDF1   0x000fe7       data     extern C:\MCC18\src\traditional\proc\p18F14K50.asm
                    INDF2   0x000fdf       data     extern C:\MCC18\src\traditional\proc\p18F14K50.asm
                   INTCON   0x000ff2       data     extern C:\MCC18\src\traditional\proc\p18F14K50.asm
                  INTCON2   0x000ff1       data     extern C:\MCC18\src\traditional\proc\p18F14K50.asm
              INTCON2bits   0x000ff1       data     extern C:\MCC18\src\traditional\proc\p18F14K50.asm
                  INTCON3   0x000ff0       data     extern C:\MCC18\src\traditional\proc\p18F14K50.asm
              INTCON3bits   0x000ff0       data     extern C:\MCC18\src\traditional\proc\p18F14K50.asm
               INTCONbits   0x000ff2       data     extern C:\MCC18\src\traditional\proc\p18F14K50.asm
                     IOCA   0x000f79       data     extern C:\MCC18\src\traditional\proc\p18F14K50.asm
                 IOCAbits   0x000f79       data     extern C:\MCC18\src\traditional\proc\p18F14K50.asm
                     IOCB   0x000f7a       data     extern C:\MCC18\src\traditional\proc\p18F14K50.asm
                 IOCBbits   0x000f7a       data     extern C:\MCC18\src\traditional\proc\p18F14K50.asm
                     IPR1   0x000f9f       data     extern C:\MCC18\src\traditional\proc\p18F14K50.asm
                 IPR1bits   0x000f9f       data     extern C:\MCC18\src\traditional\proc\p18F14K50.asm
                     IPR2   0x000fa2       data     extern C:\MCC18\src\traditional\proc\p18F14K50.asm
                 IPR2bits   0x000fa2       data     extern C:\MCC18\src\traditional\proc\p18F14K50.asm
                     LATA   0x000f89       data     extern C:\MCC18\src\traditional\proc\p18F14K50.asm
                 LATAbits   0x000f89       data     extern C:\MCC18\src\traditional\proc\p18F14K50.asm
                     LATB   0x000f8a       data     extern C:\MCC18\src\traditional\proc\p18F14K50.asm
                 LATBbits   0x000f8a       data     extern C:\MCC18\src\traditional\proc\p18F14K50.asm
                     LATC   0x000f8b       data     extern C:\MCC18\src\traditional\proc\p18F14K50.asm
                 LATCbits   0x000f8b       data     extern C:\MCC18\src\traditional\proc\p18F14K50.asm
                   OSCCON   0x000fd3       data     extern C:\MCC18\src\traditional\proc\p18F14K50.asm
                  OSCCON2   0x000fd2       data     extern C:\MCC18\src\traditional\proc\p18F14K50.asm
              OSCCON2bits   0x000fd2       data     extern C:\MCC18\src\traditional\proc\p18F14K50.asm
               OSCCONbits   0x000fd3       data     extern C:\MCC18\src\traditional\proc\p18F14K50.asm
                  OSCTUNE   0x000f9b       data     extern C:\MCC18\src\traditional\proc\p18F14K50.asm
              OSCTUNEbits   0x000f9b       data     extern C:\MCC18\src\traditional\proc\p18F14K50.asm
                       PC   0x000ff9       data     extern C:\MCC18\src\traditional\proc\p18F14K50.asm
                      PCL   0x000ff9       data     extern C:\MCC18\src\traditional\proc\p18F14K50.asm
                   PCLATH   0x000ffa       data     extern C:\MCC18\src\traditional\proc\p18F14K50.asm
                   PCLATU   0x000ffb       data     extern C:\MCC18\src\traditional\proc\p18F14K50.asm
                     PIE1   0x000f9d       data     extern C:\MCC18\src\traditional\proc\p18F14K50.asm
                 PIE1bits   0x000f9d       data     extern C:\MCC18\src\traditional\proc\p18F14K50.asm
                     PIE2   0x000fa0       data     extern C:\MCC18\src\traditional\proc\p18F14K50.asm
                 PIE2bits   0x000fa0       data     extern C:\MCC18\src\traditional\proc\p18F14K50.asm
                     PIR1   0x000f9e       data     extern C:\MCC18\src\traditional\proc\p18F14K50.asm
                 PIR1bits   0x000f9e       data     extern C:\MCC18\src\traditional\proc\p18F14K50.asm
                     PIR2   0x000fa1       data     extern C:\MCC18\src\traditional\proc\p18F14K50.asm
                 PIR2bits   0x000fa1       data     extern C:\MCC18\src\traditional\proc\p18F14K50.asm
                   PLUSW0   0x000feb       data     extern C:\MCC18\src\traditional\proc\p18F14K50.asm
                   PLUSW1   0x000fe3       data     extern C:\MCC18\src\traditional\proc\p18F14K50.asm
                   PLUSW2   0x000fdb       data     extern C:\MCC18\src\traditional\proc\p18F14K50.asm
                    PORTA   0x000f80       data     extern C:\MCC18\src\traditional\proc\p18F14K50.asm
                PORTAbits   0x000f80       data     extern C:\MCC18\src\traditional\proc\p18F14K50.asm
                    PORTB   0x000f81       data     extern C:\MCC18\src\traditional\proc\p18F14K50.asm
                PORTBbits   0x000f81       data     extern C:\MCC18\src\traditional\proc\p18F14K50.asm
                    PORTC   0x000f82       data     extern C:\MCC18\src\traditional\proc\p18F14K50.asm
                PORTCbits   0x000f82       data     extern C:\MCC18\src\traditional\proc\p18F14K50.asm
                 POSTDEC0   0x000fed       data     extern C:\MCC18\src\traditional\proc\p18F14K50.asm
                 POSTDEC1   0x000fe5       data     extern C:\MCC18\src\traditional\proc\p18F14K50.asm
                 POSTDEC2   0x000fdd       data     extern C:\MCC18\src\traditional\proc\p18F14K50.asm
                 POSTINC0   0x000fee       data     extern C:\MCC18\src\traditional\proc\p18F14K50.asm
                 POSTINC1   0x000fe6       data     extern C:\MCC18\src\traditional\proc\p18F14K50.asm
                 POSTINC2   0x000fde       data     extern C:\MCC18\src\traditional\proc\p18F14K50.asm
                      PR2   0x000fcb       data     extern C:\MCC18\src\traditional\proc\p18F14K50.asm
                  PREINC0   0x000fec       data     extern C:\MCC18\src\traditional\proc\p18F14K50.asm
                  PREINC1   0x000fe4       data     extern C:\MCC18\src\traditional\proc\p18F14K50.asm
                  PREINC2   0x000fdc       data     extern C:\MCC18\src\traditional\proc\p18F14K50.asm
                     PROD   0x000ff3       data     extern C:\MCC18\src\traditional\proc\p18F14K50.asm
                    PRODH   0x000ff4       data     extern C:\MCC18\src\traditional\proc\p18F14K50.asm
                    PRODL   0x000ff3       data     extern C:\MCC18\src\traditional\proc\p18F14K50.asm
                  PSTRCON   0x000fb9       data     extern C:\MCC18\src\traditional\proc\p18F14K50.asm
              PSTRCONbits   0x000fb9       data     extern C:\MCC18\src\traditional\proc\p18F14K50.asm
                  PWM1CON   0x000fb7       data     extern C:\MCC18\src\traditional\proc\p18F14K50.asm
              PWM1CONbits   0x000fb7       data     extern C:\MCC18\src\traditional\proc\p18F14K50.asm
                     RCON   0x000fd0       data     extern C:\MCC18\src\traditional\proc\p18F14K50.asm
                 RCONbits   0x000fd0       data     extern C:\MCC18\src\traditional\proc\p18F14K50.asm
                    RCREG   0x000fae       data     extern C:\MCC18\src\traditional\proc\p18F14K50.asm
                    RCSTA   0x000fab       data     extern C:\MCC18\src\traditional\proc\p18F14K50.asm
                RCSTAbits   0x000fab       data     extern C:\MCC18\src\traditional\proc\p18F14K50.asm
                  REFCON0   0x000fba       data     extern C:\MCC18\src\traditional\proc\p18F14K50.asm
              REFCON0bits   0x000fba       data     extern C:\MCC18\src\traditional\proc\p18F14K50.asm
                  REFCON1   0x000fbb       data     extern C:\MCC18\src\traditional\proc\p18F14K50.asm
              REFCON1bits   0x000fbb       data     extern C:\MCC18\src\traditional\proc\p18F14K50.asm
                  REFCON2   0x000fbc       data     extern C:\MCC18\src\traditional\proc\p18F14K50.asm
              REFCON2bits   0x000fbc       data     extern C:\MCC18\src\traditional\proc\p18F14K50.asm
             RemoteWakeup   0x000167       data     extern Z:\devantech_modules\usb-gpio12\gpio12-examples\com-port-echo\usb_device.c
                     SIGN   0x000009       data     extern C:\MCC18\src\traditional\math\cmath18.asm
                   SLRCON   0x000f76       data     extern C:\MCC18\src\traditional\proc\p18F14K50.asm
               SLRCONbits   0x000f76       data     extern C:\MCC18\src\traditional\proc\p18F14K50.asm
                    SPBRG   0x000faf       data     extern C:\MCC18\src\traditional\proc\p18F14K50.asm
                   SPBRGH   0x000fb0       data     extern C:\MCC18\src\traditional\proc\p18F14K50.asm
                   SRCON0   0x000f68       data     extern C:\MCC18\src\traditional\proc\p18F14K50.asm
               SRCON0bits   0x000f68       data     extern C:\MCC18\src\traditional\proc\p18F14K50.asm
                   SRCON1   0x000f69       data     extern C:\MCC18\src\traditional\proc\p18F14K50.asm
               SRCON1bits   0x000f69       data     extern C:\MCC18\src\traditional\proc\p18F14K50.asm
                   SSPADD   0x000fc8       data     extern C:\MCC18\src\traditional\proc\p18F14K50.asm
                   SSPBUF   0x000fc9       data     extern C:\MCC18\src\traditional\proc\p18F14K50.asm
                  SSPCON1   0x000fc6       data     extern C:\MCC18\src\traditional\proc\p18F14K50.asm
              SSPCON1bits   0x000fc6       data     extern C:\MCC18\src\traditional\proc\p18F14K50.asm
                  SSPCON2   0x000fc5       data     extern C:\MCC18\src\traditional\proc\p18F14K50.asm
              SSPCON2bits   0x000fc5       data     extern C:\MCC18\src\traditional\proc\p18F14K50.asm
                   SSPMSK   0x000f6f       data     extern C:\MCC18\src\traditional\proc\p18F14K50.asm
               SSPMSKbits   0x000f6f       data     extern C:\MCC18\src\traditional\proc\p18F14K50.asm
                  SSPSTAT   0x000fc7       data     extern C:\MCC18\src\traditional\proc\p18F14K50.asm
              SSPSTATbits   0x000fc7       data     extern C:\MCC18\src\traditional\proc\p18F14K50.asm
                   STATUS   0x000fd8       data     extern C:\MCC18\src\traditional\proc\p18F14K50.asm
               STATUSbits   0x000fd8       data     extern C:\MCC18\src\traditional\proc\p18F14K50.asm
                   STKPTR   0x000ffc       data     extern C:\MCC18\src\traditional\proc\p18F14K50.asm
               STKPTRbits   0x000ffc       data     extern C:\MCC18\src\traditional\proc\p18F14K50.asm
                 SetupPkt   0x000240       data     extern Z:\devantech_modules\usb-gpio12\gpio12-examples\com-port-echo\usb_device.c
                    T0CON   0x000fd5       data     extern C:\MCC18\src\traditional\proc\p18F14K50.asm
                T0CONbits   0x000fd5       data     extern C:\MCC18\src\traditional\proc\p18F14K50.asm
                    T1CON   0x000fcd       data     extern C:\MCC18\src\traditional\proc\p18F14K50.asm
                T1CONbits   0x000fcd       data     extern C:\MCC18\src\traditional\proc\p18F14K50.asm
                    T2CON   0x000fca       data     extern C:\MCC18\src\traditional\proc\p18F14K50.asm
                T2CONbits   0x000fca       data     extern C:\MCC18\src\traditional\proc\p18F14K50.asm
                    T3CON   0x000fb1       data     extern C:\MCC18\src\traditional\proc\p18F14K50.asm
                T3CONbits   0x000fb1       data     extern C:\MCC18\src\traditional\proc\p18F14K50.asm
                   TABLAT   0x000ff5       data     extern C:\MCC18\src\traditional\proc\p18F14K50.asm
                   TBLPTR   0x000ff6       data     extern C:\MCC18\src\traditional\proc\p18F14K50.asm
                  TBLPTRH   0x000ff7       data     extern C:\MCC18\src\traditional\proc\p18F14K50.asm
                  TBLPTRL   0x000ff6       data     extern C:\MCC18\src\traditional\proc\p18F14K50.asm
                  TBLPTRU   0x000ff8       data     extern C:\MCC18\src\traditional\proc\p18F14K50.asm
                    TMR0H   0x000fd7       data     extern C:\MCC18\src\traditional\proc\p18F14K50.asm
                    TMR0L   0x000fd6       data     extern C:\MCC18\src\traditional\proc\p18F14K50.asm
                    TMR1H   0x000fcf       data     extern C:\MCC18\src\traditional\proc\p18F14K50.asm
                    TMR1L   0x000fce       data     extern C:\MCC18\src\traditional\proc\p18F14K50.asm
                     TMR2   0x000fcc       data     extern C:\MCC18\src\traditional\proc\p18F14K50.asm
                    TMR3H   0x000fb3       data     extern C:\MCC18\src\traditional\proc\p18F14K50.asm
                    TMR3L   0x000fb2       data     extern C:\MCC18\src\traditional\proc\p18F14K50.asm
                      TOS   0x000ffd       data     extern C:\MCC18\src\traditional\proc\p18F14K50.asm
                     TOSH   0x000ffe       data     extern C:\MCC18\src\traditional\proc\p18F14K50.asm
                     TOSL   0x000ffd       data     extern C:\MCC18\src\traditional\proc\p18F14K50.asm
                     TOSU   0x000fff       data     extern C:\MCC18\src\traditional\proc\p18F14K50.asm
                    TRISA   0x000f92       data     extern C:\MCC18\src\traditional\proc\p18F14K50.asm
                TRISAbits   0x000f92       data     extern C:\MCC18\src\traditional\proc\p18F14K50.asm
                    TRISB   0x000f93       data     extern C:\MCC18\src\traditional\proc\p18F14K50.asm
                TRISBbits   0x000f93       data     extern C:\MCC18\src\traditional\proc\p18F14K50.asm
                    TRISC   0x000f94       data     extern C:\MCC18\src\traditional\proc\p18F14K50.asm
                TRISCbits   0x000f94       data     extern C:\MCC18\src\traditional\proc\p18F14K50.asm
                    TXREG   0x000fad       data     extern C:\MCC18\src\traditional\proc\p18F14K50.asm
                    TXSTA   0x000fac       data     extern C:\MCC18\src\traditional\proc\p18F14K50.asm
                TXSTAbits   0x000fac       data     extern C:\MCC18\src\traditional\proc\p18F14K50.asm
                    UADDR   0x000f5c       data     extern C:\MCC18\src\traditional\proc\p18F14K50.asm
                UADDRbits   0x000f5c       data     extern C:\MCC18\src\traditional\proc\p18F14K50.asm
                     UCFG   0x000f61       data     extern C:\MCC18\src\traditional\proc\p18F14K50.asm
                 UCFGbits   0x000f61       data     extern C:\MCC18\src\traditional\proc\p18F14K50.asm
                     UCON   0x000f64       data     extern C:\MCC18\src\traditional\proc\p18F14K50.asm
                 UCONbits   0x000f64       data     extern C:\MCC18\src\traditional\proc\p18F14K50.asm
                     UEIE   0x000f5b       data     extern C:\MCC18\src\traditional\proc\p18F14K50.asm
                 UEIEbits   0x000f5b       data     extern C:\MCC18\src\traditional\proc\p18F14K50.asm
                     UEIR   0x000f5f       data     extern C:\MCC18\src\traditional\proc\p18F14K50.asm
                 UEIRbits   0x000f5f       data     extern C:\MCC18\src\traditional\proc\p18F14K50.asm
                     UEP0   0x000f53       data     extern C:\MCC18\src\traditional\proc\p18F14K50.asm
                 UEP0bits   0x000f53       data     extern C:\MCC18\src\traditional\proc\p18F14K50.asm
                     UEP1   0x000f54       data     extern C:\MCC18\src\traditional\proc\p18F14K50.asm
                 UEP1bits   0x000f54       data     extern C:\MCC18\src\traditional\proc\p18F14K50.asm
                     UEP2   0x000f55       data     extern C:\MCC18\src\traditional\proc\p18F14K50.asm
                 UEP2bits   0x000f55       data     extern C:\MCC18\src\traditional\proc\p18F14K50.asm
                     UEP3   0x000f56       data     extern C:\MCC18\src\traditional\proc\p18F14K50.asm
                 UEP3bits   0x000f56       data     extern C:\MCC18\src\traditional\proc\p18F14K50.asm
                     UEP4   0x000f57       data     extern C:\MCC18\src\traditional\proc\p18F14K50.asm
                 UEP4bits   0x000f57       data     extern C:\MCC18\src\traditional\proc\p18F14K50.asm
                     UEP5   0x000f58       data     extern C:\MCC18\src\traditional\proc\p18F14K50.asm
                 UEP5bits   0x000f58       data     extern C:\MCC18\src\traditional\proc\p18F14K50.asm
                     UEP6   0x000f59       data     extern C:\MCC18\src\traditional\proc\p18F14K50.asm
                 UEP6bits   0x000f59       data     extern C:\MCC18\src\traditional\proc\p18F14K50.asm
                     UEP7   0x000f5a       data     extern C:\MCC18\src\traditional\proc\p18F14K50.asm
                 UEP7bits   0x000f5a       data     extern C:\MCC18\src\traditional\proc\p18F14K50.asm
                    UFRMH   0x000f5e       data     extern C:\MCC18\src\traditional\proc\p18F14K50.asm
                UFRMHbits   0x000f5e       data     extern C:\MCC18\src\traditional\proc\p18F14K50.asm
                    UFRML   0x000f5d       data     extern C:\MCC18\src\traditional\proc\p18F14K50.asm
                UFRMLbits   0x000f5d       data     extern C:\MCC18\src\traditional\proc\p18F14K50.asm
                      UIE   0x000f60       data     extern C:\MCC18\src\traditional\proc\p18F14K50.asm
                  UIEbits   0x000f60       data     extern C:\MCC18\src\traditional\proc\p18F14K50.asm
                      UIR   0x000f62       data     extern C:\MCC18\src\traditional\proc\p18F14K50.asm
                  UIRbits   0x000f62       data     extern C:\MCC18\src\traditional\proc\p18F14K50.asm
   USBActiveConfiguration   0x000141       data     extern Z:\devantech_modules\usb-gpio12\gpio12-examples\com-port-echo\usb_device.c
    USBAlternateInterface   0x000142       data     extern Z:\devantech_modules\usb-gpio12\gpio12-examples\com-port-echo\usb_device.c
           USBDeviceState   0x000140       data     extern Z:\devantech_modules\usb-gpio12\gpio12-examples\com-port-echo\usb_device.c
                USBInData   0x000170       data     extern Z:\devantech_modules\usb-gpio12\gpio12-examples\com-port-echo\usb_device.c
       USBInMaxPacketSize   0x00016a       data     extern Z:\devantech_modules\usb-gpio12\gpio12-examples\com-port-echo\usb_device.c
            USB_In_Buffer   0x000060       data     extern Z:\devantech_modules\usb-gpio12\gpio12-examples\com-port-echo\main.c
           USB_Out_Buffer   0x0000a0       data     extern Z:\devantech_modules\usb-gpio12\gpio12-examples\com-port-echo\main.c
                    USTAT   0x000f63       data     extern C:\MCC18\src\traditional\proc\p18F14K50.asm
                USTATbits   0x000f63       data     extern C:\MCC18\src\traditional\proc\p18F14K50.asm
                USTATcopy   0x000168       data     extern Z:\devantech_modules\usb-gpio12\gpio12-examples\com-port-echo\usb_device.c
                 VREFCON0   0x000fba       data     extern C:\MCC18\src\traditional\proc\p18F14K50.asm
             VREFCON0bits   0x000fba       data     extern C:\MCC18\src\traditional\proc\p18F14K50.asm
                 VREFCON1   0x000fbb       data     extern C:\MCC18\src\traditional\proc\p18F14K50.asm
             VREFCON1bits   0x000fbb       data     extern C:\MCC18\src\traditional\proc\p18F14K50.asm
                 VREFCON2   0x000fbc       data     extern C:\MCC18\src\traditional\proc\p18F14K50.asm
             VREFCON2bits   0x000fbc       data     extern C:\MCC18\src\traditional\proc\p18F14K50.asm
                        W   0x000fe8       data     extern C:\MCC18\src\traditional\proc\p18F14K50.asm
                   WDTCON   0x000fd1       data     extern C:\MCC18\src\traditional\proc\p18F14K50.asm
               WDTCONbits   0x000fd1       data     extern C:\MCC18\src\traditional\proc\p18F14K50.asm
                     WPUA   0x000f77       data     extern C:\MCC18\src\traditional\proc\p18F14K50.asm
                 WPUAbits   0x000f77       data     extern C:\MCC18\src\traditional\proc\p18F14K50.asm
                     WPUB   0x000f78       data     extern C:\MCC18\src\traditional\proc\p18F14K50.asm
                 WPUBbits   0x000f78       data     extern C:\MCC18\src\traditional\proc\p18F14K50.asm
                     WREG   0x000fe8       data     extern C:\MCC18\src\traditional\proc\p18F14K50.asm
                 __AARGB0   0x000007       data     extern C:\MCC18\src\traditional\math\aarg.asm
                 __AARGB1   0x000006       data     extern C:\MCC18\src\traditional\math\aarg.asm
                 __AARGB2   0x000005       data     extern C:\MCC18\src\traditional\math\aarg.asm
                 __AARGB3   0x000004       data     extern C:\MCC18\src\traditional\math\aarg.asm
                 __AARGB4   0x000003       data     extern C:\MCC18\src\traditional\math\aarg.asm
                 __AARGB5   0x000002       data     extern C:\MCC18\src\traditional\math\aarg.asm
                 __AARGB6   0x000001       data     extern C:\MCC18\src\traditional\math\aarg.asm
                 __AARGB7   0x000000       data     extern C:\MCC18\src\traditional\math\aarg.asm
                   __AEXP   0x000008       data     extern C:\MCC18\src\traditional\math\aarg.asm
                __FPFLAGS   0x00000a       data     extern C:\MCC18\src\traditional\math\cmath18.asm
            __FPFLAGSbits   0x00000a       data     extern C:\MCC18\src\traditional\math\cmath18.asm
                  __REMB0   0x000003       data     extern C:\MCC18\src\traditional\math\aarg.asm
                  __REMB1   0x000002       data     extern C:\MCC18\src\traditional\math\aarg.asm
                  __REMB2   0x000001       data     extern C:\MCC18\src\traditional\math\aarg.asm
                  __REMB3   0x000000       data     extern C:\MCC18\src\traditional\math\aarg.asm
                  __tmp_0   0x00000b       data     static Z:\devantech_modules\usb-gpio12\gpio12-examples\com-port-echo\usb_device.c
                  __tmp_0   0x00000b       data     static Z:\devantech_modules\usb-gpio12\gpio12-examples\com-port-echo\usb_function_cdc.c
              buttonCount   0x0000e2       data     extern Z:\devantech_modules\usb-gpio12\gpio12-examples\com-port-echo\main.c
            buttonPressed   0x0000e1       data     extern Z:\devantech_modules\usb-gpio12\gpio12-examples\com-port-echo\main.c
              cdc_data_rx   0x000258       data     extern Z:\devantech_modules\usb-gpio12\gpio12-examples\com-port-echo\usb_function_cdc.c
              cdc_data_tx   0x000298       data     extern Z:\devantech_modules\usb-gpio12\gpio12-examples\com-port-echo\usb_function_cdc.c
             cdc_mem_type   0x0000ec       data     extern Z:\devantech_modules\usb-gpio12\gpio12-examples\com-port-echo\usb_function_cdc.c
               cdc_notice   0x000250       data     extern Z:\devantech_modules\usb-gpio12\gpio12-examples\com-port-echo\usb_function_cdc.c
               cdc_rx_len   0x0000e5       data     extern Z:\devantech_modules\usb-gpio12\gpio12-examples\com-port-echo\usb_function_cdc.c
            cdc_trf_state   0x0000e6       data     extern Z:\devantech_modules\usb-gpio12\gpio12-examples\com-port-echo\usb_function_cdc.c
               cdc_tx_len   0x0000eb       data     extern Z:\devantech_modules\usb-gpio12\gpio12-examples\com-port-echo\usb_function_cdc.c
     controlTransferState   0x000158       data     extern Z:\devantech_modules\usb-gpio12\gpio12-examples\com-port-echo\usb_device.c
    control_signal_bitmap   0x0000f1       data     extern Z:\devantech_modules\usb-gpio12\gpio12-examples\com-port-echo\usb_function_cdc.c
                curr_byte   0x000179       data     static C:\MCC18\src\traditional\startup\c018i.c
               curr_entry   0x00017b       data     static C:\MCC18\src\traditional\startup\c018i.c
                 data_ptr   0x00017d       data     static C:\MCC18\src\traditional\startup\c018i.c
              delay_count   0x0000e3       data     static Z:\devantech_modules\usb-gpio12\gpio12-examples\com-port-echo\main.c
dummy_encapsulated_cmd_response   0x0000f6       data     extern Z:\devantech_modules\usb-gpio12\gpio12-examples\com-port-echo\usb_function_cdc.c
                  inPipes   0x000159       data     extern Z:\devantech_modules\usb-gpio12\gpio12-examples\com-port-echo\usb_device.c
              line_coding   0x0002d8       data     extern Z:\devantech_modules\usb-gpio12\gpio12-examples\com-port-echo\usb_function_cdc.c
                 outPipes   0x00015e       data     extern Z:\devantech_modules\usb-gpio12\gpio12-examples\com-port-echo\usb_device.c
   pBDTEntryEP0OutCurrent   0x000143       data     extern Z:\devantech_modules\usb-gpio12\gpio12-examples\com-port-echo\usb_device.c
      pBDTEntryEP0OutNext   0x000145       data     extern Z:\devantech_modules\usb-gpio12\gpio12-examples\com-port-echo\usb_device.c
              pBDTEntryIn   0x00014f       data     extern Z:\devantech_modules\usb-gpio12\gpio12-examples\com-port-echo\usb_device.c
             pBDTEntryOut   0x000147       data     extern Z:\devantech_modules\usb-gpio12\gpio12-examples\com-port-echo\usb_device.c
                  pCDCDst   0x0000e9       data     extern Z:\devantech_modules\usb-gpio12\gpio12-examples\com-port-echo\usb_function_cdc.c
                  pCDCSrc   0x0000e7       data     extern Z:\devantech_modules\usb-gpio12\gpio12-examples\com-port-echo\usb_function_cdc.c
                     pDst   0x000165       data     extern Z:\devantech_modules\usb-gpio12\gpio12-examples\com-port-echo\usb_device.c
                     prom   0x000176       data     static C:\MCC18\src\traditional\startup\c018i.c
        shortPacketStatus   0x000157       data     extern Z:\devantech_modules\usb-gpio12\gpio12-examples\com-port-echo\usb_device.c
            stringPrinted   0x0000e0       data     extern Z:\devantech_modules\usb-gpio12\gpio12-examples\com-port-echo\main.c



                              Symbols - Sorted by Address
                     Name    Address   Location    Storage File                     
                ---------  ---------  ---------  --------- ---------                
                   _entry   0x000000    program     extern C:\MCC18\src\traditional\startup\c018i.c
       ___return_lbl00000   0x000004    program     static                          
                 High_ISR   0x000008    program     extern Z:\devantech_modules\usb-gpio12\gpio12-examples\com-port-echo\main.c
       ___return_lbl00003   0x00000c    program     static                          
                  Low_ISR   0x000018    program     extern Z:\devantech_modules\usb-gpio12\gpio12-examples\com-port-echo\main.c
       ___return_lbl00004   0x00001c    program     static                          
                   _reset   0x001000    program     extern Z:\devantech_modules\usb-gpio12\gpio12-examples\com-port-echo\main.c
       ___return_lbl00000   0x001004    program     static                          
        Remapped_High_ISR   0x001008    program     extern Z:\devantech_modules\usb-gpio12\gpio12-examples\com-port-echo\main.c
       ___return_lbl00001   0x00100c    program     static                          
         Remapped_Low_ISR   0x001018    program     extern Z:\devantech_modules\usb-gpio12\gpio12-examples\com-port-echo\main.c
       ___return_lbl00002   0x00101c    program     static                          
            USBDeviceInit   0x00102c    program     extern Z:\devantech_modules\usb-gpio12\gpio12-examples\com-port-echo\usb_device.c
           USBDeviceTasks   0x0010b2    program     extern Z:\devantech_modules\usb-gpio12\gpio12-examples\com-port-echo\usb_device.c
          USBStallHandler   0x0011c0    program     extern Z:\devantech_modules\usb-gpio12\gpio12-examples\com-port-echo\usb_device.c
               USBSuspend   0x0011e8    program     extern Z:\devantech_modules\usb-gpio12\gpio12-examples\com-port-echo\usb_device.c
       USBWakeFromSuspend   0x0011f8    program     extern Z:\devantech_modules\usb-gpio12\gpio12-examples\com-port-echo\usb_device.c
         USBCtrlEPService   0x001210    program     extern Z:\devantech_modules\usb-gpio12\gpio12-examples\com-port-echo\usb_device.c
   USBCtrlTrfSetupHandler   0x0012b4    program     extern Z:\devantech_modules\usb-gpio12\gpio12-examples\com-port-echo\usb_device.c
     USBCtrlTrfOutHandler   0x0012da    program     extern Z:\devantech_modules\usb-gpio12\gpio12-examples\com-port-echo\usb_device.c
      USBCtrlTrfInHandler   0x0012f6    program     extern Z:\devantech_modules\usb-gpio12\gpio12-examples\com-port-echo\usb_device.c
USBPrepareForNextSetupTrf   0x001356    program     extern Z:\devantech_modules\usb-gpio12\gpio12-examples\com-port-echo\usb_device.c
       USBCheckStdRequest   0x00139e    program     extern Z:\devantech_modules\usb-gpio12\gpio12-examples\com-port-echo\usb_device.c
  USBStdFeatureReqHandler   0x001446    program     extern Z:\devantech_modules\usb-gpio12\gpio12-examples\com-port-echo\usb_device.c
      USBStdGetDscHandler   0x001506    program     extern Z:\devantech_modules\usb-gpio12\gpio12-examples\com-port-echo\usb_device.c
   USBStdGetStatusHandler   0x001588    program     extern Z:\devantech_modules\usb-gpio12\gpio12-examples\com-port-echo\usb_device.c
 USBCtrlEPServiceComplete   0x001606    program     extern Z:\devantech_modules\usb-gpio12\gpio12-examples\com-port-echo\usb_device.c
      USBCtrlTrfTxService   0x00167a    program     extern Z:\devantech_modules\usb-gpio12\gpio12-examples\com-port-echo\usb_device.c
      USBCtrlTrfRxService   0x001720    program     extern Z:\devantech_modules\usb-gpio12\gpio12-examples\com-port-echo\usb_device.c
      USBStdSetCfgHandler   0x0017d6    program     extern Z:\devantech_modules\usb-gpio12\gpio12-examples\com-port-echo\usb_device.c
     USBConfigureEndpoint   0x00183c    program     extern Z:\devantech_modules\usb-gpio12\gpio12-examples\com-port-echo\usb_device.c
        USBEnableEndpoint   0x0018b4    program     extern Z:\devantech_modules\usb-gpio12\gpio12-examples\com-port-echo\usb_device.c
         USBStallEndpoint   0x0018ee    program     extern Z:\devantech_modules\usb-gpio12\gpio12-examples\com-port-echo\usb_device.c
     USBTransferOnePacket   0x001918    program     extern Z:\devantech_modules\usb-gpio12\gpio12-examples\com-port-echo\usb_device.c
              USBCancelIO   0x00198a    program     extern Z:\devantech_modules\usb-gpio12\gpio12-examples\com-port-echo\usb_device.c
          USBDeviceDetach   0x0019b6    program     extern Z:\devantech_modules\usb-gpio12\gpio12-examples\com-port-echo\usb_device.c
          USBDeviceAttach   0x0019c0    program     extern Z:\devantech_modules\usb-gpio12\gpio12-examples\com-port-echo\usb_device.c
                   __pa_0   0x0019f0    program     static Z:\devantech_modules\usb-gpio12\gpio12-examples\com-port-echo\usb_device.c
                   __pa_1   0x0019fe    program     static Z:\devantech_modules\usb-gpio12\gpio12-examples\com-port-echo\usb_device.c
                   __pa_2   0x001a08    program     static Z:\devantech_modules\usb-gpio12\gpio12-examples\com-port-echo\usb_device.c
                   __pa_3   0x001a12    program     static Z:\devantech_modules\usb-gpio12\gpio12-examples\com-port-echo\usb_device.c
                   __pa_4   0x001a1a    program     static Z:\devantech_modules\usb-gpio12\gpio12-examples\com-port-echo\usb_device.c
                   __pa_5   0x001a24    program     static Z:\devantech_modules\usb-gpio12\gpio12-examples\com-port-echo\usb_device.c
              __tmplbl_26   0x001a2c    program     static                          
              __tmplbl_20   0x001a2c    program     static                          
                   __pa_6   0x001a2c    program     static Z:\devantech_modules\usb-gpio12\gpio12-examples\com-port-echo\usb_device.c
                   __pa_7   0x001a34    program     static Z:\devantech_modules\usb-gpio12\gpio12-examples\com-port-echo\usb_device.c
                   __pa_8   0x001a3a    program     static Z:\devantech_modules\usb-gpio12\gpio12-examples\com-port-echo\usb_device.c
                   __pa_9   0x001a44    program     static Z:\devantech_modules\usb-gpio12\gpio12-examples\com-port-echo\usb_device.c
                  __pa_10   0x001a54    program     static Z:\devantech_modules\usb-gpio12\gpio12-examples\com-port-echo\usb_device.c
                  __pa_11   0x001a68    program     static Z:\devantech_modules\usb-gpio12\gpio12-examples\com-port-echo\usb_device.c
                  __pa_12   0x001a72    program     static Z:\devantech_modules\usb-gpio12\gpio12-examples\com-port-echo\usb_device.c
                  __pa_13   0x001a92    program     static Z:\devantech_modules\usb-gpio12\gpio12-examples\com-port-echo\usb_device.c
                  __pa_14   0x001aa4    program     static Z:\devantech_modules\usb-gpio12\gpio12-examples\com-port-echo\usb_device.c
                  __pa_15   0x001aaa    program     static Z:\devantech_modules\usb-gpio12\gpio12-examples\com-port-echo\usb_device.c
                  __pa_16   0x001ac6    program     static Z:\devantech_modules\usb-gpio12\gpio12-examples\com-port-echo\usb_device.c
                  __pa_17   0x001ad2    program     static Z:\devantech_modules\usb-gpio12\gpio12-examples\com-port-echo\usb_device.c
                  __pa_18   0x001ade    program     static Z:\devantech_modules\usb-gpio12\gpio12-examples\com-port-echo\usb_device.c
                  __pa_19   0x001aec    program     static Z:\devantech_modules\usb-gpio12\gpio12-examples\com-port-echo\usb_device.c
                  __pa_20   0x001af6    program     static Z:\devantech_modules\usb-gpio12\gpio12-examples\com-port-echo\usb_device.c
                  __pa_21   0x001b02    program     static Z:\devantech_modules\usb-gpio12\gpio12-examples\com-port-echo\usb_device.c
                  __pa_22   0x001b0e    program     static Z:\devantech_modules\usb-gpio12\gpio12-examples\com-port-echo\usb_device.c
                  __pa_23   0x001b1e    program     static Z:\devantech_modules\usb-gpio12\gpio12-examples\com-port-echo\usb_device.c
                  __pa_24   0x001b2e    program     static Z:\devantech_modules\usb-gpio12\gpio12-examples\com-port-echo\usb_device.c
                  __pa_25   0x001b3e    program     static Z:\devantech_modules\usb-gpio12\gpio12-examples\com-port-echo\usb_device.c
                  __pa_26   0x001b4c    program     static Z:\devantech_modules\usb-gpio12\gpio12-examples\com-port-echo\usb_device.c
                  __pa_27   0x001b5a    program     static Z:\devantech_modules\usb-gpio12\gpio12-examples\com-port-echo\usb_device.c
                  __pa_28   0x001b68    program     static Z:\devantech_modules\usb-gpio12\gpio12-examples\com-port-echo\usb_device.c
                  __pa_29   0x001b80    program     static Z:\devantech_modules\usb-gpio12\gpio12-examples\com-port-echo\usb_device.c
                  __pa_30   0x001b9c    program     static Z:\devantech_modules\usb-gpio12\gpio12-examples\com-port-echo\usb_device.c
                  __pa_31   0x001ba6    program     static Z:\devantech_modules\usb-gpio12\gpio12-examples\com-port-echo\usb_device.c
                  __pa_32   0x001bae    program     static Z:\devantech_modules\usb-gpio12\gpio12-examples\com-port-echo\usb_device.c
                  __pa_33   0x001bb8    program     static Z:\devantech_modules\usb-gpio12\gpio12-examples\com-port-echo\usb_device.c
                  __pa_34   0x001bbe    program     static Z:\devantech_modules\usb-gpio12\gpio12-examples\com-port-echo\usb_device.c
                  __pa_35   0x001bce    program     static Z:\devantech_modules\usb-gpio12\gpio12-examples\com-port-echo\usb_device.c
                  __pa_36   0x001bdc    program     static Z:\devantech_modules\usb-gpio12\gpio12-examples\com-port-echo\usb_device.c
                  __pa_37   0x001bea    program     static Z:\devantech_modules\usb-gpio12\gpio12-examples\com-port-echo\usb_device.c
                  __pa_38   0x001bf8    program     static Z:\devantech_modules\usb-gpio12\gpio12-examples\com-port-echo\usb_device.c
                  __pa_39   0x001c02    program     static Z:\devantech_modules\usb-gpio12\gpio12-examples\com-port-echo\usb_device.c
                  __pa_40   0x001c0c    program     static Z:\devantech_modules\usb-gpio12\gpio12-examples\com-port-echo\usb_device.c
                  __pa_41   0x001c14    program     static Z:\devantech_modules\usb-gpio12\gpio12-examples\com-port-echo\usb_device.c
                  __pa_42   0x001c1c    program     static Z:\devantech_modules\usb-gpio12\gpio12-examples\com-port-echo\usb_device.c
       USBCheckCDCRequest   0x001c22    program     extern Z:\devantech_modules\usb-gpio12\gpio12-examples\com-port-echo\usb_function_cdc.c
                CDCInitEP   0x001cbe    program     extern Z:\devantech_modules\usb-gpio12\gpio12-examples\com-port-echo\usb_function_cdc.c
             getsUSBUSART   0x001d02    program     extern Z:\devantech_modules\usb-gpio12\gpio12-examples\com-port-echo\usb_function_cdc.c
              putUSBUSART   0x001d80    program     extern Z:\devantech_modules\usb-gpio12\gpio12-examples\com-port-echo\usb_function_cdc.c
             putsUSBUSART   0x001d9c    program     extern Z:\devantech_modules\usb-gpio12\gpio12-examples\com-port-echo\usb_function_cdc.c
            putrsUSBUSART   0x001dde    program     extern Z:\devantech_modules\usb-gpio12\gpio12-examples\com-port-echo\usb_function_cdc.c
             CDCTxService   0x001e22    program     extern Z:\devantech_modules\usb-gpio12\gpio12-examples\com-port-echo\usb_function_cdc.c
                   __pa_0   0x001f04    program     static Z:\devantech_modules\usb-gpio12\gpio12-examples\com-port-echo\usb_function_cdc.c
                   __pa_1   0x001f16    program     static Z:\devantech_modules\usb-gpio12\gpio12-examples\com-port-echo\usb_function_cdc.c
                   __pa_2   0x001f32    program     static Z:\devantech_modules\usb-gpio12\gpio12-examples\com-port-echo\usb_function_cdc.c
                   __pa_3   0x001f4c    program     static Z:\devantech_modules\usb-gpio12\gpio12-examples\com-port-echo\usb_function_cdc.c
                   __pa_4   0x001f5a    program     static Z:\devantech_modules\usb-gpio12\gpio12-examples\com-port-echo\usb_function_cdc.c
                   __pa_5   0x001f64    program     static Z:\devantech_modules\usb-gpio12\gpio12-examples\com-port-echo\usb_function_cdc.c
                   __pa_6   0x001f6c    program     static Z:\devantech_modules\usb-gpio12\gpio12-examples\com-port-echo\usb_function_cdc.c
                   __pa_7   0x001f7a    program     static Z:\devantech_modules\usb-gpio12\gpio12-examples\com-port-echo\usb_function_cdc.c
                   __pa_8   0x001f84    program     static Z:\devantech_modules\usb-gpio12\gpio12-examples\com-port-echo\usb_function_cdc.c
                   __pa_9   0x001f9e    program     static Z:\devantech_modules\usb-gpio12\gpio12-examples\com-port-echo\usb_function_cdc.c
                  __pa_10   0x001fae    program     static Z:\devantech_modules\usb-gpio12\gpio12-examples\com-port-echo\usb_function_cdc.c
  YourHighPriorityISRCode   0x001fbc    program     extern Z:\devantech_modules\usb-gpio12\gpio12-examples\com-port-echo\main.c
   YourLowPriorityISRCode   0x002052    program     extern Z:\devantech_modules\usb-gpio12\gpio12-examples\com-port-echo\main.c
                     main   0x002074    program     extern Z:\devantech_modules\usb-gpio12\gpio12-examples\com-port-echo\main.c
         InitializeSystem   0x002084    program     static Z:\devantech_modules\usb-gpio12\gpio12-examples\com-port-echo\main.c
                 UserInit   0x00208e    program     extern Z:\devantech_modules\usb-gpio12\gpio12-examples\com-port-echo\main.c
                ProcessIO   0x0020e6    program     extern Z:\devantech_modules\usb-gpio12\gpio12-examples\com-port-echo\main.c
             USBCBSuspend   0x0021bc    program     extern Z:\devantech_modules\usb-gpio12\gpio12-examples\com-port-echo\main.c
     USBCBWakeFromSuspend   0x0021be    program     extern Z:\devantech_modules\usb-gpio12\gpio12-examples\com-port-echo\main.c
        USBCB_SOF_Handler   0x0021c0    program     extern Z:\devantech_modules\usb-gpio12\gpio12-examples\com-port-echo\main.c
        USBCBErrorHandler   0x0021c2    program     extern Z:\devantech_modules\usb-gpio12\gpio12-examples\com-port-echo\main.c
       USBCBCheckOtherReq   0x0021c4    program     extern Z:\devantech_modules\usb-gpio12\gpio12-examples\com-port-echo\main.c
    USBCBStdSetDscHandler   0x0021c8    program     extern Z:\devantech_modules\usb-gpio12\gpio12-examples\com-port-echo\main.c
              USBCBInitEP   0x0021ca    program     extern Z:\devantech_modules\usb-gpio12\gpio12-examples\com-port-echo\main.c
          USBCBSendResume   0x0021ce    program     extern Z:\devantech_modules\usb-gpio12\gpio12-examples\com-port-echo\main.c
USER_USB_CALLBACK_EVENT_HANDLER   0x0021ea    program     extern Z:\devantech_modules\usb-gpio12\gpio12-examples\com-port-echo\main.c
               __tmplbl_2   0x002206    program     static                          
               __tmplbl_3   0x002212    program     static                          
               __tmplbl_4   0x00221c    program     static                          
               __tmplbl_5   0x002226    program     static                          
               __tmplbl_6   0x002230    program     static                          
               __tmplbl_7   0x00223a    program     static                          
               __tmplbl_8   0x002244    program     static                          
               __tmplbl_9   0x00224e    program     static                          
       ___case_1_lbl00040   0x002252    program     static                          
       ___case_2_lbl00041   0x002256    program     static                          
       ___case_3_lbl00042   0x00225a    program     static                          
     ___case_115_lbl00043   0x00225e    program     static                          
     ___case_117_lbl00044   0x002262    program     static                          
     ___case_116_lbl00045   0x002266    program     static                          
   ___case_32767_lbl00046   0x00226a    program     static                          
     ___case_114_lbl00047   0x00226e    program     static                          
      ___default_lbl00048   0x002272    program     static                          
   ___switchexit_lbl00039   0x002274    program     static                          
       ___return_lbl00038   0x002278    program     static                          
                   __pa_0   0x002280    program     static Z:\devantech_modules\usb-gpio12\gpio12-examples\com-port-echo\main.c
               device_dsc   0x002290    program     extern Z:\devantech_modules\usb-gpio12\gpio12-examples\com-port-echo\usb_descriptors.c
        configDescriptor1   0x0022a2    program     extern Z:\devantech_modules\usb-gpio12\gpio12-examples\com-port-echo\usb_descriptors.c
                    sd000   0x0022e5    program     extern Z:\devantech_modules\usb-gpio12\gpio12-examples\com-port-echo\usb_descriptors.c
                    sd001   0x0022e9    program     extern Z:\devantech_modules\usb-gpio12\gpio12-examples\com-port-echo\usb_descriptors.c
                    sd002   0x00231d    program     extern Z:\devantech_modules\usb-gpio12\gpio12-examples\com-port-echo\usb_descriptors.c
               USB_CD_Ptr   0x002351    program     extern Z:\devantech_modules\usb-gpio12\gpio12-examples\com-port-echo\usb_descriptors.c
               USB_SD_Ptr   0x002353    program     extern Z:\devantech_modules\usb-gpio12\gpio12-examples\com-port-echo\usb_descriptors.c
                _do_cinit   0x00235a    program     extern C:\MCC18\src\traditional\startup\c018i.c
                     test   0x002374    program     static                          
                copy_loop   0x0023cc    program     static                          
            copy_one_byte   0x0023d2    program     static                          
             done_copying   0x0023e0    program     static                          
       ___return_lbl00002   0x0023f6    program     static                          
                     done   0x0023f6    program     static                          
                   memset   0x0023f8    program     extern C:\MCC18\src\traditional\stdclib\memset.asm
                    jLoop   0x00240c    program     static C:\MCC18\src\traditional\stdclib\memset.asm
              _2jContinue   0x002418    program     static C:\MCC18\src\traditional\stdclib\memset.asm
                   _3jEnd   0x002422    program     static C:\MCC18\src\traditional\stdclib\memset.asm
                     jEnd   0x00242a    program     static C:\MCC18\src\traditional\stdclib\memset.asm
            __zero_memory   0x00242c    program     extern C:\MCC18\src\traditional\proc\p18F14K50.asm
               zero_block   0x00243a    program     static C:\MCC18\src\traditional\proc\p18F14K50.asm
                   loop_h   0x00243a    program     static C:\MCC18\src\traditional\proc\p18F14K50.asm
                compare_l   0x002442    program     static C:\MCC18\src\traditional\proc\p18F14K50.asm
                   loop_l   0x002444    program     static C:\MCC18\src\traditional\proc\p18F14K50.asm
                 _startup   0x00244c    program     extern C:\MCC18\src\traditional\startup\c018i.c
                     loop   0x00245c    program     static                          
       ___return_lbl00001   0x002466    program     static                          
                   __init   0x002468    program     extern C:\MCC18\src\traditional\stdclib\__init.c
               __config_0   0x300000    program     static Z:\devantech_modules\usb-gpio12\gpio12-examples\com-port-echo\main.c
               __config_1   0x300001    program     static Z:\devantech_modules\usb-gpio12\gpio12-examples\com-port-echo\main.c
               __config_2   0x300002    program     static Z:\devantech_modules\usb-gpio12\gpio12-examples\com-port-echo\main.c
               __config_3   0x300003    program     static Z:\devantech_modules\usb-gpio12\gpio12-examples\com-port-echo\main.c
               __config_4   0x300005    program     static Z:\devantech_modules\usb-gpio12\gpio12-examples\com-port-echo\main.c
               __config_5   0x300006    program     static Z:\devantech_modules\usb-gpio12\gpio12-examples\com-port-echo\main.c
               __config_6   0x300008    program     static Z:\devantech_modules\usb-gpio12\gpio12-examples\com-port-echo\main.c
               __config_7   0x300009    program     static Z:\devantech_modules\usb-gpio12\gpio12-examples\com-port-echo\main.c
[...]
              CM2CON1bits   0x000f6c       data     extern C:\MCC18\src\traditional\proc\p18F14K50.asm
                  CM1CON0   0x000f6d       data     extern C:\MCC18\src\traditional\proc\p18F14K50.asm
              CM1CON0bits   0x000f6d       data     extern C:\MCC18\src\traditional\proc\p18F14K50.asm
                   SSPMSK   0x000f6f       data     extern C:\MCC18\src\traditional\proc\p18F14K50.asm
               SSPMSKbits   0x000f6f       data     extern C:\MCC18\src\traditional\proc\p18F14K50.asm
                   SLRCON   0x000f76       data     extern C:\MCC18\src\traditional\proc\p18F14K50.asm
               SLRCONbits   0x000f76       data     extern C:\MCC18\src\traditional\proc\p18F14K50.asm
                 WPUAbits   0x000f77       data     extern C:\MCC18\src\traditional\proc\p18F14K50.asm
                     WPUA   0x000f77       data     extern C:\MCC18\src\traditional\proc\p18F14K50.asm
                     WPUB   0x000f78       data     extern C:\MCC18\src\traditional\proc\p18F14K50.asm
                 WPUBbits   0x000f78       data     extern C:\MCC18\src\traditional\proc\p18F14K50.asm
                     IOCA   0x000f79       data     extern C:\MCC18\src\traditional\proc\p18F14K50.asm
                 IOCAbits   0x000f79       data     extern C:\MCC18\src\traditional\proc\p18F14K50.asm
                     IOCB   0x000f7a       data     extern C:\MCC18\src\traditional\proc\p18F14K50.asm
                 IOCBbits   0x000f7a       data     extern C:\MCC18\src\traditional\proc\p18F14K50.asm
                ANSELbits   0x000f7e       data     extern C:\MCC18\src\traditional\proc\p18F14K50.asm
                    ANSEL   0x000f7e       data     extern C:\MCC18\src\traditional\proc\p18F14K50.asm
               ANSELHbits   0x000f7f       data     extern C:\MCC18\src\traditional\proc\p18F14K50.asm
                   ANSELH   0x000f7f       data     extern C:\MCC18\src\traditional\proc\p18F14K50.asm
                    PORTA   0x000f80       data     extern C:\MCC18\src\traditional\proc\p18F14K50.asm
                PORTAbits   0x000f80       data     extern C:\MCC18\src\traditional\proc\p18F14K50.asm
                PORTBbits   0x000f81       data     extern C:\MCC18\src\traditional\proc\p18F14K50.asm
                    PORTB   0x000f81       data     extern C:\MCC18\src\traditional\proc\p18F14K50.asm
                PORTCbits   0x000f82       data     extern C:\MCC18\src\traditional\proc\p18F14K50.asm
                    PORTC   0x000f82       data     extern C:\MCC18\src\traditional\proc\p18F14K50.asm
                     LATA   0x000f89       data     extern C:\MCC18\src\traditional\proc\p18F14K50.asm
                 LATAbits   0x000f89       data     extern C:\MCC18\src\traditional\proc\p18F14K50.asm
                     LATB   0x000f8a       data     extern C:\MCC18\src\traditional\proc\p18F14K50.asm
                 LATBbits   0x000f8a       data     extern C:\MCC18\src\traditional\proc\p18F14K50.asm
                 LATCbits   0x000f8b       data     extern C:\MCC18\src\traditional\proc\p18F14K50.asm
                     LATC   0x000f8b       data     extern C:\MCC18\src\traditional\proc\p18F14K50.asm
                    TRISA   0x000f92       data     extern C:\MCC18\src\traditional\proc\p18F14K50.asm
                TRISAbits   0x000f92       data     extern C:\MCC18\src\traditional\proc\p18F14K50.asm
                     DDRA   0x000f92       data     extern C:\MCC18\src\traditional\proc\p18F14K50.asm
                 DDRAbits   0x000f92       data     extern C:\MCC18\src\traditional\proc\p18F14K50.asm
                 DDRBbits   0x000f93       data     extern C:\MCC18\src\traditional\proc\p18F14K50.asm
                     DDRB   0x000f93       data     extern C:\MCC18\src\traditional\proc\p18F14K50.asm
                    TRISB   0x000f93       data     extern C:\MCC18\src\traditional\proc\p18F14K50.asm
                TRISBbits   0x000f93       data     extern C:\MCC18\src\traditional\proc\p18F14K50.asm
                 DDRCbits   0x000f94       data     extern C:\MCC18\src\traditional\proc\p18F14K50.asm
                     DDRC   0x000f94       data     extern C:\MCC18\src\traditional\proc\p18F14K50.asm
                    TRISC   0x000f94       data     extern C:\MCC18\src\traditional\proc\p18F14K50.asm
                TRISCbits   0x000f94       data     extern C:\MCC18\src\traditional\proc\p18F14K50.asm
              OSCTUNEbits   0x000f9b       data     extern C:\MCC18\src\traditional\proc\p18F14K50.asm
                  OSCTUNE   0x000f9b       data     extern C:\MCC18\src\traditional\proc\p18F14K50.asm
                     PIE1   0x000f9d       data     extern C:\MCC18\src\traditional\proc\p18F14K50.asm
                 PIE1bits   0x000f9d       data     extern C:\MCC18\src\traditional\proc\p18F14K50.asm
                     PIR1   0x000f9e       data     extern C:\MCC18\src\traditional\proc\p18F14K50.asm
                 PIR1bits   0x000f9e       data     extern C:\MCC18\src\traditional\proc\p18F14K50.asm
                     IPR1   0x000f9f       data     extern C:\MCC18\src\traditional\proc\p18F14K50.asm
                 IPR1bits   0x000f9f       data     extern C:\MCC18\src\traditional\proc\p18F14K50.asm
                     PIE2   0x000fa0       data     extern C:\MCC18\src\traditional\proc\p18F14K50.asm
                 PIE2bits   0x000fa0       data     extern C:\MCC18\src\traditional\proc\p18F14K50.asm
                     PIR2   0x000fa1       data     extern C:\MCC18\src\traditional\proc\p18F14K50.asm
                 PIR2bits   0x000fa1       data     extern C:\MCC18\src\traditional\proc\p18F14K50.asm
                     IPR2   0x000fa2       data     extern C:\MCC18\src\traditional\proc\p18F14K50.asm
                 IPR2bits   0x000fa2       data     extern C:\MCC18\src\traditional\proc\p18F14K50.asm
               EECON1bits   0x000fa6       data     extern C:\MCC18\src\traditional\proc\p18F14K50.asm
                   EECON1   0x000fa6       data     extern C:\MCC18\src\traditional\proc\p18F14K50.asm
                   EECON2   0x000fa7       data     extern C:\MCC18\src\traditional\proc\p18F14K50.asm
                   EEDATA   0x000fa8       data     extern C:\MCC18\src\traditional\proc\p18F14K50.asm
                    EEADR   0x000fa9       data     extern C:\MCC18\src\traditional\proc\p18F14K50.asm
                EEADRbits   0x000fa9       data     extern C:\MCC18\src\traditional\proc\p18F14K50.asm
               EEADRHbits   0x000faa       data     extern C:\MCC18\src\traditional\proc\p18F14K50.asm
                   EEADRH   0x000faa       data     extern C:\MCC18\src\traditional\proc\p18F14K50.asm
                    RCSTA   0x000fab       data     extern C:\MCC18\src\traditional\proc\p18F14K50.asm
                RCSTAbits   0x000fab       data     extern C:\MCC18\src\traditional\proc\p18F14K50.asm
                    TXSTA   0x000fac       data     extern C:\MCC18\src\traditional\proc\p18F14K50.asm
                TXSTAbits   0x000fac       data     extern C:\MCC18\src\traditional\proc\p18F14K50.asm
                    TXREG   0x000fad       data     extern C:\MCC18\src\traditional\proc\p18F14K50.asm
                    RCREG   0x000fae       data     extern C:\MCC18\src\traditional\proc\p18F14K50.asm
                    SPBRG   0x000faf       data     extern C:\MCC18\src\traditional\proc\p18F14K50.asm
                   SPBRGH   0x000fb0       data     extern C:\MCC18\src\traditional\proc\p18F14K50.asm
                T3CONbits   0x000fb1       data     extern C:\MCC18\src\traditional\proc\p18F14K50.asm
                    T3CON   0x000fb1       data     extern C:\MCC18\src\traditional\proc\p18F14K50.asm
                    TMR3L   0x000fb2       data     extern C:\MCC18\src\traditional\proc\p18F14K50.asm
                    TMR3H   0x000fb3       data     extern C:\MCC18\src\traditional\proc\p18F14K50.asm
              ECCP1ASbits   0x000fb6       data     extern C:\MCC18\src\traditional\proc\p18F14K50.asm
                  ECCP1AS   0x000fb6       data     extern C:\MCC18\src\traditional\proc\p18F14K50.asm
              PWM1CONbits   0x000fb7       data     extern C:\MCC18\src\traditional\proc\p18F14K50.asm
                  PWM1CON   0x000fb7       data     extern C:\MCC18\src\traditional\proc\p18F14K50.asm
              BAUDCTLbits   0x000fb8       data     extern C:\MCC18\src\traditional\proc\p18F14K50.asm
                  BAUDCTL   0x000fb8       data     extern C:\MCC18\src\traditional\proc\p18F14K50.asm
              BAUDCONbits   0x000fb8       data     extern C:\MCC18\src\traditional\proc\p18F14K50.asm
                  BAUDCON   0x000fb8       data     extern C:\MCC18\src\traditional\proc\p18F14K50.asm
                  PSTRCON   0x000fb9       data     extern C:\MCC18\src\traditional\proc\p18F14K50.asm
              PSTRCONbits   0x000fb9       data     extern C:\MCC18\src\traditional\proc\p18F14K50.asm
                 VREFCON0   0x000fba       data     extern C:\MCC18\src\traditional\proc\p18F14K50.asm
             VREFCON0bits   0x000fba       data     extern C:\MCC18\src\traditional\proc\p18F14K50.asm
                  REFCON0   0x000fba       data     extern C:\MCC18\src\traditional\proc\p18F14K50.asm
              REFCON0bits   0x000fba       data     extern C:\MCC18\src\traditional\proc\p18F14K50.asm
                 VREFCON1   0x000fbb       data     extern C:\MCC18\src\traditional\proc\p18F14K50.asm
             VREFCON1bits   0x000fbb       data     extern C:\MCC18\src\traditional\proc\p18F14K50.asm
                  REFCON1   0x000fbb       data     extern C:\MCC18\src\traditional\proc\p18F14K50.asm
              REFCON1bits   0x000fbb       data     extern C:\MCC18\src\traditional\proc\p18F14K50.asm
                  REFCON2   0x000fbc       data     extern C:\MCC18\src\traditional\proc\p18F14K50.asm
              REFCON2bits   0x000fbc       data     extern C:\MCC18\src\traditional\proc\p18F14K50.asm
             VREFCON2bits   0x000fbc       data     extern C:\MCC18\src\traditional\proc\p18F14K50.asm
                 VREFCON2   0x000fbc       data     extern C:\MCC18\src\traditional\proc\p18F14K50.asm
              CCP1CONbits   0x000fbd       data     extern C:\MCC18\src\traditional\proc\p18F14K50.asm
                  CCP1CON   0x000fbd       data     extern C:\MCC18\src\traditional\proc\p18F14K50.asm
                   CCPR1L   0x000fbe       data     extern C:\MCC18\src\traditional\proc\p18F14K50.asm
                    CCPR1   0x000fbe       data     extern C:\MCC18\src\traditional\proc\p18F14K50.asm
                   CCPR1H   0x000fbf       data     extern C:\MCC18\src\traditional\proc\p18F14K50.asm
               ADCON2bits   0x000fc0       data     extern C:\MCC18\src\traditional\proc\p18F14K50.asm
                   ADCON2   0x000fc0       data     extern C:\MCC18\src\traditional\proc\p18F14K50.asm
               ADCON1bits   0x000fc1       data     extern C:\MCC18\src\traditional\proc\p18F14K50.asm
                   ADCON1   0x000fc1       data     extern C:\MCC18\src\traditional\proc\p18F14K50.asm
                   ADCON0   0x000fc2       data     extern C:\MCC18\src\traditional\proc\p18F14K50.asm
               ADCON0bits   0x000fc2       data     extern C:\MCC18\src\traditional\proc\p18F14K50.asm
                    ADRES   0x000fc3       data     extern C:\MCC18\src\traditional\proc\p18F14K50.asm
                   ADRESL   0x000fc3       data     extern C:\MCC18\src\traditional\proc\p18F14K50.asm
                   ADRESH   0x000fc4       data     extern C:\MCC18\src\traditional\proc\p18F14K50.asm
                  SSPCON2   0x000fc5       data     extern C:\MCC18\src\traditional\proc\p18F14K50.asm
              SSPCON2bits   0x000fc5       data     extern C:\MCC18\src\traditional\proc\p18F14K50.asm
                  SSPCON1   0x000fc6       data     extern C:\MCC18\src\traditional\proc\p18F14K50.asm
              SSPCON1bits   0x000fc6       data     extern C:\MCC18\src\traditional\proc\p18F14K50.asm
                  SSPSTAT   0x000fc7       data     extern C:\MCC18\src\traditional\proc\p18F14K50.asm
              SSPSTATbits   0x000fc7       data     extern C:\MCC18\src\traditional\proc\p18F14K50.asm
                   SSPADD   0x000fc8       data     extern C:\MCC18\src\traditional\proc\p18F14K50.asm
                   SSPBUF   0x000fc9       data     extern C:\MCC18\src\traditional\proc\p18F14K50.asm
                T2CONbits   0x000fca       data     extern C:\MCC18\src\traditional\proc\p18F14K50.asm
                    T2CON   0x000fca       data     extern C:\MCC18\src\traditional\proc\p18F14K50.asm
                      PR2   0x000fcb       data     extern C:\MCC18\src\traditional\proc\p18F14K50.asm
                     TMR2   0x000fcc       data     extern C:\MCC18\src\traditional\proc\p18F14K50.asm
                T1CONbits   0x000fcd       data     extern C:\MCC18\src\traditional\proc\p18F14K50.asm
                    T1CON   0x000fcd       data     extern C:\MCC18\src\traditional\proc\p18F14K50.asm
                    TMR1L   0x000fce       data     extern C:\MCC18\src\traditional\proc\p18F14K50.asm
                    TMR1H   0x000fcf       data     extern C:\MCC18\src\traditional\proc\p18F14K50.asm
                 RCONbits   0x000fd0       data     extern C:\MCC18\src\traditional\proc\p18F14K50.asm
                     RCON   0x000fd0       data     extern C:\MCC18\src\traditional\proc\p18F14K50.asm
                   WDTCON   0x000fd1       data     extern C:\MCC18\src\traditional\proc\p18F14K50.asm
               WDTCONbits   0x000fd1       data     extern C:\MCC18\src\traditional\proc\p18F14K50.asm
                  OSCCON2   0x000fd2       data     extern C:\MCC18\src\traditional\proc\p18F14K50.asm
              OSCCON2bits   0x000fd2       data     extern C:\MCC18\src\traditional\proc\p18F14K50.asm
                   OSCCON   0x000fd3       data     extern C:\MCC18\src\traditional\proc\p18F14K50.asm
               OSCCONbits   0x000fd3       data     extern C:\MCC18\src\traditional\proc\p18F14K50.asm
                T0CONbits   0x000fd5       data     extern C:\MCC18\src\traditional\proc\p18F14K50.asm
                    T0CON   0x000fd5       data     extern C:\MCC18\src\traditional\proc\p18F14K50.asm
                    TMR0L   0x000fd6       data     extern C:\MCC18\src\traditional\proc\p18F14K50.asm
                    TMR0H   0x000fd7       data     extern C:\MCC18\src\traditional\proc\p18F14K50.asm
                   STATUS   0x000fd8       data     extern C:\MCC18\src\traditional\proc\p18F14K50.asm
               STATUSbits   0x000fd8       data     extern C:\MCC18\src\traditional\proc\p18F14K50.asm
                     FSR2   0x000fd9       data     extern C:\MCC18\src\traditional\proc\p18F14K50.asm
                    FSR2L   0x000fd9       data     extern C:\MCC18\src\traditional\proc\p18F14K50.asm
                    FSR2H   0x000fda       data     extern C:\MCC18\src\traditional\proc\p18F14K50.asm
                   PLUSW2   0x000fdb       data     extern C:\MCC18\src\traditional\proc\p18F14K50.asm
                  PREINC2   0x000fdc       data     extern C:\MCC18\src\traditional\proc\p18F14K50.asm
                 POSTDEC2   0x000fdd       data     extern C:\MCC18\src\traditional\proc\p18F14K50.asm
                 POSTINC2   0x000fde       data     extern C:\MCC18\src\traditional\proc\p18F14K50.asm
                    INDF2   0x000fdf       data     extern C:\MCC18\src\traditional\proc\p18F14K50.asm
                      BSR   0x000fe0       data     extern C:\MCC18\src\traditional\proc\p18F14K50.asm
                    FSR1L   0x000fe1       data     extern C:\MCC18\src\traditional\proc\p18F14K50.asm
                     FSR1   0x000fe1       data     extern C:\MCC18\src\traditional\proc\p18F14K50.asm
                    FSR1H   0x000fe2       data     extern C:\MCC18\src\traditional\proc\p18F14K50.asm
                   PLUSW1   0x000fe3       data     extern C:\MCC18\src\traditional\proc\p18F14K50.asm
                  PREINC1   0x000fe4       data     extern C:\MCC18\src\traditional\proc\p18F14K50.asm
                 POSTDEC1   0x000fe5       data     extern C:\MCC18\src\traditional\proc\p18F14K50.asm
                 POSTINC1   0x000fe6       data     extern C:\MCC18\src\traditional\proc\p18F14K50.asm
                    INDF1   0x000fe7       data     extern C:\MCC18\src\traditional\proc\p18F14K50.asm
                     WREG   0x000fe8       data     extern C:\MCC18\src\traditional\proc\p18F14K50.asm
                        W   0x000fe8       data     extern C:\MCC18\src\traditional\proc\p18F14K50.asm
                    FSR0L   0x000fe9       data     extern C:\MCC18\src\traditional\proc\p18F14K50.asm
                     FSR0   0x000fe9       data     extern C:\MCC18\src\traditional\proc\p18F14K50.asm
                    FSR0H   0x000fea       data     extern C:\MCC18\src\traditional\proc\p18F14K50.asm
                   PLUSW0   0x000feb       data     extern C:\MCC18\src\traditional\proc\p18F14K50.asm
                  PREINC0   0x000fec       data     extern C:\MCC18\src\traditional\proc\p18F14K50.asm
                 POSTDEC0   0x000fed       data     extern C:\MCC18\src\traditional\proc\p18F14K50.asm
                 POSTINC0   0x000fee       data     extern C:\MCC18\src\traditional\proc\p18F14K50.asm
                    INDF0   0x000fef       data     extern C:\MCC18\src\traditional\proc\p18F14K50.asm
              INTCON3bits   0x000ff0       data     extern C:\MCC18\src\traditional\proc\p18F14K50.asm
                  INTCON3   0x000ff0       data     extern C:\MCC18\src\traditional\proc\p18F14K50.asm
              INTCON2bits   0x000ff1       data     extern C:\MCC18\src\traditional\proc\p18F14K50.asm
                  INTCON2   0x000ff1       data     extern C:\MCC18\src\traditional\proc\p18F14K50.asm
               INTCONbits   0x000ff2       data     extern C:\MCC18\src\traditional\proc\p18F14K50.asm
                   INTCON   0x000ff2       data     extern C:\MCC18\src\traditional\proc\p18F14K50.asm
                    PRODL   0x000ff3       data     extern C:\MCC18\src\traditional\proc\p18F14K50.asm
                     PROD   0x000ff3       data     extern C:\MCC18\src\traditional\proc\p18F14K50.asm
                    PRODH   0x000ff4       data     extern C:\MCC18\src\traditional\proc\p18F14K50.asm
                   TABLAT   0x000ff5       data     extern C:\MCC18\src\traditional\proc\p18F14K50.asm
                   TBLPTR   0x000ff6       data     extern C:\MCC18\src\traditional\proc\p18F14K50.asm
                  TBLPTRL   0x000ff6       data     extern C:\MCC18\src\traditional\proc\p18F14K50.asm
                  TBLPTRH   0x000ff7       data     extern C:\MCC18\src\traditional\proc\p18F14K50.asm
                  TBLPTRU   0x000ff8       data     extern C:\MCC18\src\traditional\proc\p18F14K50.asm
                      PCL   0x000ff9       data     extern C:\MCC18\src\traditional\proc\p18F14K50.asm
                       PC   0x000ff9       data     extern C:\MCC18\src\traditional\proc\p18F14K50.asm
                   PCLATH   0x000ffa       data     extern C:\MCC18\src\traditional\proc\p18F14K50.asm
                   PCLATU   0x000ffb       data     extern C:\MCC18\src\traditional\proc\p18F14K50.asm
               STKPTRbits   0x000ffc       data     extern C:\MCC18\src\traditional\proc\p18F14K50.asm
                   STKPTR   0x000ffc       data     extern C:\MCC18\src\traditional\proc\p18F14K50.asm
                      TOS   0x000ffd       data     extern C:\MCC18\src\traditional\proc\p18F14K50.asm
                     TOSL   0x000ffd       data     extern C:\MCC18\src\traditional\proc\p18F14K50.asm
                     TOSH   0x000ffe       data     extern C:\MCC18\src\traditional\proc\p18F14K50.asm
                     TOSU   0x000fff       data     extern C:\MCC18\src\traditional\proc\p18F14K50.asm


